MPLINK 4.40, Linker
Linker Map File - Created Thu Dec 13 16:12:57 2012

                                 Section Info
                  Section       Type    Address   Location Size(Bytes)
                ---------  ---------  ---------  ---------  ---------
               _entry_scn       code   0x000000    program   0x000006
    REMAPPED_RESET_VECTOR       code   0x001000    program   0x000006
REMAPPED_HIGH_INTERRUPT_VECTOR       code   0x001008    program   0x000006
REMAPPED_LOW_INTERRUPT_VECTOR       code   0x001018    program   0x000006
                   .cinit    romdata   0x00102a    program   0x00000e
    .code_lib_sen_moway.o       code   0x001038    program   0x000b4e
    .code_lib_mot_moway.o       code   0x001b86    program   0x0008fe
       .code_lib_rf2gh4.o       code   0x002484    program   0x0006d6
    .code_lib_cam_moway.o       code   0x002b5a    program   0x000250
          .code_i2c_ext.o       code   0x002daa    program   0x00021e
             .code_main.o       code   0x002fc8    program   0x0001c4
               _cinit_scn       code   0x00318c    program   0x00009e
          .code_adcopen.o       code   0x00322a    program   0x00008a
          .code_spi_ext.o       code   0x0032b4    program   0x000050
                     PROG       code   0x003304    program   0x00004c
             D10KTCYXCODE       code   0x003350    program   0x00002e
         .code_fxd1616u.o       code   0x00337e    program   0x00002c
              D1KTCYXCODE       code   0x0033aa    program   0x000020
                    .code       code   0x0033ca    program   0x000020
             _startup_scn       code   0x0033ea    program   0x00001c
              D10TCYXCODE       code   0x003406    program   0x000016
          .code_adcbusy.o       code   0x00341c    program   0x00000c
         .code_adcclose.o       code   0x003428    program   0x000008
          .code_adcconv.o       code   0x003430    program   0x000006
           .code___init.o       code   0x003436    program   0x000002
      .romdata_fxd1616u.o    romdata   0x003438    program   0x000000
       .romdata_adcopen.o    romdata   0x003438    program   0x000000
       .romdata_adcconv.o    romdata   0x003438    program   0x000000
      .romdata_adcclose.o    romdata   0x003438    program   0x000000
        .romdata___init.o    romdata   0x003438    program   0x000000
       .romdata_adcbusy.o    romdata   0x003438    program   0x000000
       .romdata_spi_ext.o    romdata   0x003438    program   0x000000
       .idata_spi_ext.o_i    romdata   0x003438    program   0x000000
         .romdata_c018i.o    romdata   0x003438    program   0x000000
       .romdata_i2c_ext.o    romdata   0x003438    program   0x000000
          .idata_main.o_i    romdata   0x003438    program   0x000000
 .romdata_lib_sen_moway.o    romdata   0x003438    program   0x000000
 .idata_lib_sen_moway.o_i    romdata   0x003438    program   0x000000
    .romdata_lib_rf2gh4.o    romdata   0x003438    program   0x000000
    .idata_lib_rf2gh4.o_i    romdata   0x003438    program   0x000000
 .romdata_lib_mot_moway.o    romdata   0x003438    program   0x000000
 .idata_lib_mot_moway.o_i    romdata   0x003438    program   0x000000
          .romdata_main.o    romdata   0x003438    program   0x000000
 .romdata_lib_cam_moway.o    romdata   0x003438    program   0x000000
 .idata_lib_cam_moway.o_i    romdata   0x003438    program   0x000001
         .idata_c018i.o_i    romdata   0x003439    program   0x000000
        .idata___init.o_i    romdata   0x003439    program   0x000000
       .idata_adcopen.o_i    romdata   0x003439    program   0x000000
      .idata_fxd1616u.o_i    romdata   0x003439    program   0x000000
       .idata_adcconv.o_i    romdata   0x003439    program   0x000000
       .idata_i2c_ext.o_i    romdata   0x003439    program   0x000000
      .idata_adcclose.o_i    romdata   0x003439    program   0x000000
       .idata_adcbusy.o_i    romdata   0x003439    program   0x000000
            .code_c018i.o       code   0x00343a    program   0x000000
                MATH_DATA      udata   0x000000       data   0x000010
                 .tmpdata      udata   0x000010       data   0x000002
                DELAYDAT2      udata   0x000012       data   0x000001
                DELAYDAT1      udata   0x000013       data   0x000001
   .idata_lib_cam_moway.o      idata   0x000060       data   0x000001
         .udata_adcbusy.o      udata   0x000061       data   0x000000
         .idata_adcbusy.o      idata   0x000061       data   0x000000
        .udata_adcclose.o      udata   0x000061       data   0x000000
        .idata_adcclose.o      idata   0x000061       data   0x000000
         .udata_adcconv.o      udata   0x000061       data   0x000000
         .idata_adcconv.o      idata   0x000061       data   0x000000
        .udata_fxd1616u.o      udata   0x000061       data   0x000000
        .idata_fxd1616u.o      idata   0x000061       data   0x000000
         .udata_adcopen.o      udata   0x000061       data   0x000000
         .idata_adcopen.o      idata   0x000061       data   0x000000
          .udata___init.o      udata   0x000061       data   0x000000
          .idata___init.o      idata   0x000061       data   0x000000
         .idata_spi_ext.o      idata   0x000061       data   0x000000
           .idata_c018i.o      idata   0x000061       data   0x000000
         .udata_spi_ext.o      udata   0x000061       data   0x000000
         .idata_i2c_ext.o      idata   0x000061       data   0x000000
         .udata_i2c_ext.o      udata   0x000061       data   0x000000
   .idata_lib_sen_moway.o      idata   0x000061       data   0x000000
            .idata_main.o      idata   0x000061       data   0x000000
      .idata_lib_rf2gh4.o      idata   0x000061       data   0x000000
   .udata_lib_cam_moway.o      udata   0x000061       data   0x000000
   .idata_lib_mot_moway.o      idata   0x000061       data   0x000000
                   .stack      udata   0x000e00       data   0x000100
   .udata_lib_mot_moway.o      udata   0x000f00       data   0x000013
      .udata_lib_rf2gh4.o      udata   0x000f13       data   0x000012
           .udata_c018i.o      udata   0x000f25       data   0x00000a
            .udata_main.o      udata   0x000f2f       data   0x000009
   .udata_lib_sen_moway.o      udata   0x000f38       data   0x000008
              SFR_BANKED0      udata   0x000f40       data   0x000020
            SFR_UNBANKED0      udata   0x000f60       data   0x0000a0



                              Program Memory Usage 
                               Start         End      
                           ---------   ---------      
                            0x000000    0x000005      
                            0x001000    0x001005      
                            0x001008    0x00100d      
                            0x001018    0x00101d      
                            0x00102a    0x003438      
            9255 out of 65536 program addresses used, program memory utilization is 14%



                              Symbols - Sorted by Name
                     Name    Address   Location    Storage File                     
                ---------  ---------  ---------  --------- ---------                
                ACCE_READ   0x001b36    program     extern E:\2013\esmplab\test\sauve_mcw\lib_sen_moway.c
               ACCE_WRITE   0x001ae8    program     extern E:\2013\esmplab\test\sauve_mcw\lib_sen_moway.c
                  BusyADC   0x00341c    program     extern C:\c18src\cxx-framework\src\pmc_common\ADC\adcbusy.c
              CAM_CHN_SEL   0x002c38    program     extern E:\2013\esmplab\test\sauve_mcw\lib_cam_moway.c
                 CAM_INIT   0x002b5a    program     extern E:\2013\esmplab\test\sauve_mcw\lib_cam_moway.c
                  CAM_OFF   0x002c20    program     extern E:\2013\esmplab\test\sauve_mcw\lib_cam_moway.c
                   CAM_ON   0x002b84    program     extern E:\2013\esmplab\test\sauve_mcw\lib_cam_moway.c
             CAM_SEND_COM   0x002d66    program     extern E:\2013\esmplab\test\sauve_mcw\lib_cam_moway.c
               CONFIG_SPI   0x0032b4    program     extern E:\2013\esmplab\test\sauve_mcw\spi_ext.c
                 CloseADC   0x003428    program     extern C:\c18src\cxx-framework\src\pmc_common\ADC\adcclose.c
              Config_I2C1   0x002daa    program     extern E:\2013\esmplab\test\sauve_mcw\i2c_ext.c
               ConvertADC   0x003430    program     extern C:\c18src\cxx-framework\src\pmc_common\ADC\adcconv.c
                   D10K_1   0x00335c    program     static C:\MCC18\v3_39\src\traditional\delays\d10ktcyx.asm
                    D10Kl   0x003368    program     static C:\MCC18\v3_39\src\traditional\delays\d10ktcyx.asm
                    D10Kx   0x00335a    program     static C:\MCC18\v3_39\src\traditional\delays\d10ktcyx.asm
                    D10_1   0x003416    program     static C:\MCC18\v3_39\src\traditional\delays\d10tcyx.asm
                     D10x   0x00340e    program     static C:\MCC18\v3_39\src\traditional\delays\d10tcyx.asm
                   D1616S   0x003326    program     static C:\MCC18\v3_39\src\traditional\math\fxd1616s.asm
                D1616SNEG   0x003334    program     static C:\MCC18\v3_39\src\traditional\math\fxd1616s.asm
                 D1616SOK   0x003330    program     static C:\MCC18\v3_39\src\traditional\math\fxd1616s.asm
                  D1616SX   0x003346    program     static C:\MCC18\v3_39\src\traditional\math\fxd1616s.asm
                    D1K_1   0x0033b6    program     static C:\MCC18\v3_39\src\traditional\delays\d1ktcyx.asm
                     D1Kx   0x0033b4    program     static C:\MCC18\v3_39\src\traditional\delays\d1ktcyx.asm
                  DA1616S   0x003316    program     static C:\MCC18\v3_39\src\traditional\math\fxd1616s.asm
             Delay10KTCYx   0x003350    program     extern C:\MCC18\v3_39\src\traditional\delays\d10ktcyx.asm
              Delay10TCYx   0x003406    program     extern C:\MCC18\v3_39\src\traditional\delays\d10tcyx.asm
              Delay1KTCYx   0x0033aa    program     extern C:\MCC18\v3_39\src\traditional\delays\d1ktcyx.asm
                 FXD1616S   0x003304    program     extern C:\MCC18\v3_39\src\traditional\math\fxd1616s.asm
                 FXD1616U   0x00337e    program     extern C:\MCC18\v3_39\src\traditional\math\fxd1616u.c
             IN_ACK_NACK1   0x002dee    program     extern E:\2013\esmplab\test\sauve_mcw\i2c_ext.c
             IN_ACK_NACK2   0x001f88    program     extern E:\2013\esmplab\test\sauve_mcw\lib_mot_moway.c
            LED_BRAKE_OFF   0x001a86    program     extern E:\2013\esmplab\test\sauve_mcw\lib_sen_moway.c
             LED_BRAKE_ON   0x001a82    program     extern E:\2013\esmplab\test\sauve_mcw\lib_sen_moway.c
         LED_BRAKE_ON_OFF   0x001a8a    program     extern E:\2013\esmplab\test\sauve_mcw\lib_sen_moway.c
            LED_FRONT_OFF   0x001a64    program     extern E:\2013\esmplab\test\sauve_mcw\lib_sen_moway.c
             LED_FRONT_ON   0x001a60    program     extern E:\2013\esmplab\test\sauve_mcw\lib_sen_moway.c
         LED_FRONT_ON_OFF   0x001a68    program     extern E:\2013\esmplab\test\sauve_mcw\lib_sen_moway.c
        LED_TOP_GREEN_OFF   0x001aca    program     extern E:\2013\esmplab\test\sauve_mcw\lib_sen_moway.c
         LED_TOP_GREEN_ON   0x001ac6    program     extern E:\2013\esmplab\test\sauve_mcw\lib_sen_moway.c
     LED_TOP_GREEN_ON_OFF   0x001ace    program     extern E:\2013\esmplab\test\sauve_mcw\lib_sen_moway.c
          LED_TOP_RED_OFF   0x001aa8    program     extern E:\2013\esmplab\test\sauve_mcw\lib_sen_moway.c
           LED_TOP_RED_ON   0x001aa4    program     extern E:\2013\esmplab\test\sauve_mcw\lib_sen_moway.c
       LED_TOP_RED_ON_OFF   0x001aac    program     extern E:\2013\esmplab\test\sauve_mcw\lib_sen_moway.c
              MOT_CHA_VEL   0x001c1e    program     extern E:\2013\esmplab\test\sauve_mcw\lib_mot_moway.c
               MOT_CONFIG   0x001b86    program     extern E:\2013\esmplab\test\sauve_mcw\lib_mot_moway.c
                  MOT_CUR   0x001da8    program     extern E:\2013\esmplab\test\sauve_mcw\lib_mot_moway.c
   MOT_DISTANCE_PARCOURUE   0x0030c8    program     extern E:\2013\esmplab\test\sauve_mcw\main.c
                MOT_FDBCK   0x001ee0    program     extern E:\2013\esmplab\test\sauve_mcw\lib_mot_moway.c
                  MOT_ROT   0x001cce    program     extern E:\2013\esmplab\test\sauve_mcw\lib_mot_moway.c
                  MOT_RST   0x001eb6    program     extern E:\2013\esmplab\test\sauve_mcw\lib_mot_moway.c
           MOT_SND_I2C_1D   0x00229a    program     extern E:\2013\esmplab\test\sauve_mcw\lib_mot_moway.c
           MOT_SND_I2C_3D   0x002308    program     extern E:\2013\esmplab\test\sauve_mcw\lib_mot_moway.c
           MOT_SND_I2C_4D   0x0023b6    program     extern E:\2013\esmplab\test\sauve_mcw\lib_mot_moway.c
                 MOT_STOP   0x001e96    program     extern E:\2013\esmplab\test\sauve_mcw\lib_mot_moway.c
                  MOT_STR   0x001b92    program     extern E:\2013\esmplab\test\sauve_mcw\lib_mot_moway.c
                 OUT_ACK1   0x002f80    program     extern E:\2013\esmplab\test\sauve_mcw\i2c_ext.c
                 OUT_ACK2   0x002284    program     extern E:\2013\esmplab\test\sauve_mcw\lib_mot_moway.c
                OUT_NACK1   0x002fa6    program     extern E:\2013\esmplab\test\sauve_mcw\i2c_ext.c
                OUT_NACK2   0x002290    program     extern E:\2013\esmplab\test\sauve_mcw\lib_mot_moway.c
                  OpenADC   0x00322a    program     extern C:\c18src\cxx-framework\src\pmc_common\ADC\adcopen.c
            PAUSE_SECONDE   0x00309c    program     extern E:\2013\esmplab\test\sauve_mcw\main.c
                RF_CONFIG   0x002492    program     extern E:\2013\esmplab\test\sauve_mcw\lib_rf2gh4.c
                RF_INT_EN   0x002484    program     extern E:\2013\esmplab\test\sauve_mcw\lib_rf2gh4.c
                   RF_OFF   0x0026fe    program     extern E:\2013\esmplab\test\sauve_mcw\lib_rf2gh4.c
                    RF_ON   0x0026a2    program     extern E:\2013\esmplab\test\sauve_mcw\lib_rf2gh4.c
               RF_RECEIVE   0x0029f4    program     extern E:\2013\esmplab\test\sauve_mcw\lib_rf2gh4.c
                  RF_SEND   0x002742    program     extern E:\2013\esmplab\test\sauve_mcw\lib_rf2gh4.c
                Read_I2C1   0x002e4e    program     extern E:\2013\esmplab\test\sauve_mcw\i2c_ext.c
                Read_I2C2   0x001faa    program     extern E:\2013\esmplab\test\sauve_mcw\lib_mot_moway.c
        Remapped_High_ISR   0x001008    program     extern E:\2013\esmplab\test\sauve_mcw\main.c
         Remapped_Low_ISR   0x001018    program     extern E:\2013\esmplab\test\sauve_mcw\main.c
       SEN_ACCE_CHECK_TAP   0x0018b2    program     extern E:\2013\esmplab\test\sauve_mcw\lib_sen_moway.c
        SEN_ACCE_XYZ_READ   0x001758    program     extern E:\2013\esmplab\test\sauve_mcw\lib_sen_moway.c
              SEN_BATTERY   0x0011b6    program     extern E:\2013\esmplab\test\sauve_mcw\lib_sen_moway.c
               SEN_CONFIG   0x001038    program     extern E:\2013\esmplab\test\sauve_mcw\lib_sen_moway.c
                SEN_LIGHT   0x001168    program     extern E:\2013\esmplab\test\sauve_mcw\lib_sen_moway.c
          SEN_LINE_ANALOG   0x00198a    program     extern E:\2013\esmplab\test\sauve_mcw\lib_sen_moway.c
             SEN_LINE_DIG   0x001a0c    program     extern E:\2013\esmplab\test\sauve_mcw\lib_sen_moway.c
           SEN_MIC_ANALOG   0x001326    program     extern E:\2013\esmplab\test\sauve_mcw\lib_sen_moway.c
              SEN_MIC_DIG   0x001370    program     extern E:\2013\esmplab\test\sauve_mcw\lib_sen_moway.c
           SEN_OBS_ANALOG   0x00140e    program     extern E:\2013\esmplab\test\sauve_mcw\lib_sen_moway.c
              SEN_OBS_DIG   0x0015fc    program     extern E:\2013\esmplab\test\sauve_mcw\lib_sen_moway.c
              SEN_SPEAKER   0x001384    program     extern E:\2013\esmplab\test\sauve_mcw\lib_sen_moway.c
          SEN_TEMPERATURE   0x001258    program     extern E:\2013\esmplab\test\sauve_mcw\lib_sen_moway.c
                 SPI_READ   0x0032e6    program     extern E:\2013\esmplab\test\sauve_mcw\spi_ext.c
                SPI_WRITE   0x0032cc    program     extern E:\2013\esmplab\test\sauve_mcw\spi_ext.c
               Start_I2C1   0x002dc0    program     extern E:\2013\esmplab\test\sauve_mcw\i2c_ext.c
               Start_I2C2   0x001f7a    program     extern E:\2013\esmplab\test\sauve_mcw\lib_mot_moway.c
                Stop_I2C1   0x002e32    program     extern E:\2013\esmplab\test\sauve_mcw\i2c_ext.c
                Stop_I2C2   0x001fa4    program     extern E:\2013\esmplab\test\sauve_mcw\lib_mot_moway.c
               Write_I2C1   0x002f00    program     extern E:\2013\esmplab\test\sauve_mcw\i2c_ext.c
               Write_I2C2   0x0021e6    program     extern E:\2013\esmplab\test\sauve_mcw\lib_mot_moway.c
  YourHighPriorityISRCode   0x002fc8    program     extern E:\2013\esmplab\test\sauve_mcw\main.c
   YourLowPriorityISRCode   0x003076    program     extern E:\2013\esmplab\test\sauve_mcw\main.c
       _D10KTCYXCODE_0010   0x003360    program     static C:\MCC18\v3_39\src\traditional\delays\d10ktcyx.asm
       _D10KTCYXCODE_001C   0x00336c    program     static C:\MCC18\v3_39\src\traditional\delays\d10ktcyx.asm
        _D10TCYXCODE_000A   0x003410    program     static C:\MCC18\v3_39\src\traditional\delays\d10tcyx.asm
        _D10TCYXCODE_000C   0x003412    program     static C:\MCC18\v3_39\src\traditional\delays\d10tcyx.asm
        _D10TCYXCODE_000E   0x003414    program     static C:\MCC18\v3_39\src\traditional\delays\d10tcyx.asm
        _D1KTCYXCODE_0010   0x0033ba    program     static C:\MCC18\v3_39\src\traditional\delays\d1ktcyx.asm
        _D1KTCYXCODE_0016   0x0033c0    program     static C:\MCC18\v3_39\src\traditional\delays\d1ktcyx.asm
         ___else_lbl00004   0x002e12    program     static                          
         ___else_lbl00010   0x002eaa    program     static                          
         ___else_lbl00012   0x00275a    program     static                          
         ___else_lbl00016   0x002f40    program     static                          
         ___else_lbl00029   0x0029ce    program     static                          
         ___else_lbl00091   0x002246    program     static                          
          ___for_lbl00007   0x002ed8    program     static                          
          ___for_lbl00008   0x002ee2    program     static                          
          ___for_lbl00011   0x002e6a    program     static                          
          ___for_lbl00013   0x002f60    program     static                          
          ___for_lbl00013   0x002896    program     static                          
          ___for_lbl00014   0x002f6c    program     static                          
          ___for_lbl00014   0x00289a    program     static                          
          ___for_lbl00015   0x002862    program     static                          
          ___for_lbl00016   0x0028cc    program     static                          
          ___for_lbl00017   0x002f1a    program     static                          
          ___for_lbl00017   0x0028d0    program     static                          
          ___for_lbl00018   0x0028b0    program     static                          
          ___for_lbl00088   0x002266    program     static                          
          ___for_lbl00089   0x002270    program     static                          
          ___for_lbl00092   0x0021f6    program     static                          
           ___if_lbl00003   0x002e14    program     static                          
           ___if_lbl00009   0x002ec0    program     static                          
           ___if_lbl00011   0x00275e    program     static                          
           ___if_lbl00015   0x002f44    program     static                          
           ___if_lbl00021   0x00291e    program     static                          
           ___if_lbl00023   0x0029aa    program     static                          
           ___if_lbl00024   0x0029ae    program     static                          
           ___if_lbl00026   0x0029c8    program     static                          
           ___if_lbl00027   0x0029d8    program     static                          
           ___if_lbl00028   0x0029dc    program     static                          
           ___if_lbl00090   0x002266    program     static                          
       ___return_lbl00000   0x0033a8    program     static                          
       ___return_lbl00000   0x000004    program     static                          
       ___return_lbl00000   0x001004    program     static                          
       ___return_lbl00000   0x002dbe    program     static                          
       ___return_lbl00001   0x00100c    program     static                          
       ___return_lbl00001   0x003404    program     static                          
       ___return_lbl00001   0x002dec    program     static                          
       ___return_lbl00002   0x003228    program     static                          
       ___return_lbl00002   0x00101c    program     static                          
       ___return_lbl00002   0x002e28    program     static                          
       ___return_lbl00005   0x002e4c    program     static                          
       ___return_lbl00006   0x002ee8    program     static                          
       ___return_lbl00010   0x0029dc    program     static                          
       ___return_lbl00012   0x002f6c    program     static                          
       ___return_lbl00018   0x002fa4    program     static                          
       ___return_lbl00019   0x002fc6    program     static                          
       ___return_lbl00087   0x002270    program     static                          
        ___while_lbl00019   0x002902    program     static                          
        ___while_lbl00020   0x002920    program     static                          
                   __init   0x003436    program     extern C:\MCC18\v3_39\src\traditional\stdclib\__init.c
               __tmplbl_0   0x0029a0    program     static                          
               __tmplbl_1   0x002998    program     static                          
               __tmplbl_2   0x0029be    program     static                          
               __tmplbl_3   0x0029b6    program     static                          
            __zero_memory   0x0033ca    program     extern C:\c18src\cxx-framework\src\traditional\proc\p18F86J50.asm
                _do_cinit   0x00318c    program     extern C:\MCC18\v3_39\src\traditional\startup\c018i.c
                   _entry   0x000000    program     extern C:\MCC18\v3_39\src\traditional\startup\c018i.c
                   _reset   0x001000    program     extern E:\2013\esmplab\test\sauve_mcw\main.c
                 _startup   0x0033ea    program     extern C:\MCC18\v3_39\src\traditional\startup\c018i.c
                compare_l   0x0033e0    program     static C:\c18src\cxx-framework\src\traditional\proc\p18F86J50.asm
                copy_loop   0x0031fe    program     static                          
            copy_one_byte   0x003204    program     static                          
                     done   0x003228    program     static                          
             done_copying   0x003212    program     static                          
                  endloop   0x0033a4    program     static                          
                     loop   0x0033fa    program     static                          
                     loop   0x003388    program     static                          
                   loop_h   0x0033d8    program     static C:\c18src\cxx-framework\src\traditional\proc\p18F86J50.asm
                   loop_l   0x0033e2    program     static C:\c18src\cxx-framework\src\traditional\proc\p18F86J50.asm
                     main   0x00318a    program     extern E:\2013\esmplab\test\sauve_mcw\main.c
                     test   0x0031a6    program     static                          
               zero_block   0x0033d8    program     static C:\c18src\cxx-framework\src\traditional\proc\p18F86J50.asm
                   ADCON0   0x000fc2       data     extern C:\c18src\cxx-framework\src\traditional\proc\p18F86J50.asm
               ADCON0bits   0x000fc2       data     extern C:\c18src\cxx-framework\src\traditional\proc\p18F86J50.asm
                   ADCON1   0x000fc1       data     extern C:\c18src\cxx-framework\src\traditional\proc\p18F86J50.asm
               ADCON1bits   0x000fc1       data     extern C:\c18src\cxx-framework\src\traditional\proc\p18F86J50.asm
                    ADRES   0x000fc3       data     extern C:\c18src\cxx-framework\src\traditional\proc\p18F86J50.asm
                   ADRESH   0x000fc4       data     extern C:\c18src\cxx-framework\src\traditional\proc\p18F86J50.asm
                   ADRESL   0x000fc3       data     extern C:\c18src\cxx-framework\src\traditional\proc\p18F86J50.asm
                   ANCON0   0x000fc1       data     extern C:\c18src\cxx-framework\src\traditional\proc\p18F86J50.asm
               ANCON0bits   0x000fc1       data     extern C:\c18src\cxx-framework\src\traditional\proc\p18F86J50.asm
                   ANCON1   0x000fc2       data     extern C:\c18src\cxx-framework\src\traditional\proc\p18F86J50.asm
               ANCON1bits   0x000fc2       data     extern C:\c18src\cxx-framework\src\traditional\proc\p18F86J50.asm
                  BAUDCON   0x000f7e       data     extern C:\c18src\cxx-framework\src\traditional\proc\p18F86J50.asm
                 BAUDCON1   0x000f7e       data     extern C:\c18src\cxx-framework\src\traditional\proc\p18F86J50.asm
             BAUDCON1bits   0x000f7e       data     extern C:\c18src\cxx-framework\src\traditional\proc\p18F86J50.asm
                 BAUDCON2   0x000f7c       data     extern C:\c18src\cxx-framework\src\traditional\proc\p18F86J50.asm
             BAUDCON2bits   0x000f7c       data     extern C:\c18src\cxx-framework\src\traditional\proc\p18F86J50.asm
              BAUDCONbits   0x000f7e       data     extern C:\c18src\cxx-framework\src\traditional\proc\p18F86J50.asm
                      BSR   0x000fe0       data     extern C:\c18src\cxx-framework\src\traditional\proc\p18F86J50.asm
                 CAM_STAT   0x000060       data     extern E:\2013\esmplab\test\sauve_mcw\lib_cam_moway.c
                  CCP1CON   0x000fbb       data     extern C:\c18src\cxx-framework\src\traditional\proc\p18F86J50.asm
              CCP1CONbits   0x000fbb       data     extern C:\c18src\cxx-framework\src\traditional\proc\p18F86J50.asm
                  CCP2CON   0x000fb6       data     extern C:\c18src\cxx-framework\src\traditional\proc\p18F86J50.asm
              CCP2CONbits   0x000fb6       data     extern C:\c18src\cxx-framework\src\traditional\proc\p18F86J50.asm
                  CCP3CON   0x000fb1       data     extern C:\c18src\cxx-framework\src\traditional\proc\p18F86J50.asm
              CCP3CONbits   0x000fb1       data     extern C:\c18src\cxx-framework\src\traditional\proc\p18F86J50.asm
                  CCP4CON   0x000f73       data     extern C:\c18src\cxx-framework\src\traditional\proc\p18F86J50.asm
              CCP4CONbits   0x000f73       data     extern C:\c18src\cxx-framework\src\traditional\proc\p18F86J50.asm
                  CCP5CON   0x000f70       data     extern C:\c18src\cxx-framework\src\traditional\proc\p18F86J50.asm
              CCP5CONbits   0x000f70       data     extern C:\c18src\cxx-framework\src\traditional\proc\p18F86J50.asm
                    CCPR1   0x000fbc       data     extern C:\c18src\cxx-framework\src\traditional\proc\p18F86J50.asm
                   CCPR1H   0x000fbd       data     extern C:\c18src\cxx-framework\src\traditional\proc\p18F86J50.asm
                   CCPR1L   0x000fbc       data     extern C:\c18src\cxx-framework\src\traditional\proc\p18F86J50.asm
                    CCPR2   0x000fb7       data     extern C:\c18src\cxx-framework\src\traditional\proc\p18F86J50.asm
                   CCPR2H   0x000fb8       data     extern C:\c18src\cxx-framework\src\traditional\proc\p18F86J50.asm
                   CCPR2L   0x000fb7       data     extern C:\c18src\cxx-framework\src\traditional\proc\p18F86J50.asm
                    CCPR3   0x000fb2       data     extern C:\c18src\cxx-framework\src\traditional\proc\p18F86J50.asm
                   CCPR3H   0x000fb3       data     extern C:\c18src\cxx-framework\src\traditional\proc\p18F86J50.asm
                   CCPR3L   0x000fb2       data     extern C:\c18src\cxx-framework\src\traditional\proc\p18F86J50.asm
                    CCPR4   0x000f74       data     extern C:\c18src\cxx-framework\src\traditional\proc\p18F86J50.asm
                   CCPR4H   0x000f75       data     extern C:\c18src\cxx-framework\src\traditional\proc\p18F86J50.asm
                   CCPR4L   0x000f74       data     extern C:\c18src\cxx-framework\src\traditional\proc\p18F86J50.asm
                    CCPR5   0x000f71       data     extern C:\c18src\cxx-framework\src\traditional\proc\p18F86J50.asm
                   CCPR5H   0x000f72       data     extern C:\c18src\cxx-framework\src\traditional\proc\p18F86J50.asm
                   CCPR5L   0x000f71       data     extern C:\c18src\cxx-framework\src\traditional\proc\p18F86J50.asm
                   CM1CON   0x000fd2       data     extern C:\c18src\cxx-framework\src\traditional\proc\p18F86J50.asm
                  CM1CON1   0x000fd2       data     extern C:\c18src\cxx-framework\src\traditional\proc\p18F86J50.asm
              CM1CON1bits   0x000fd2       data     extern C:\c18src\cxx-framework\src\traditional\proc\p18F86J50.asm
               CM1CONbits   0x000fd2       data     extern C:\c18src\cxx-framework\src\traditional\proc\p18F86J50.asm
                   CM2CON   0x000fd1       data     extern C:\c18src\cxx-framework\src\traditional\proc\p18F86J50.asm
                  CM2CON1   0x000fd1       data     extern C:\c18src\cxx-framework\src\traditional\proc\p18F86J50.asm
              CM2CON1bits   0x000fd1       data     extern C:\c18src\cxx-framework\src\traditional\proc\p18F86J50.asm
               CM2CONbits   0x000fd1       data     extern C:\c18src\cxx-framework\src\traditional\proc\p18F86J50.asm
                   CMSTAT   0x000f6a       data     extern C:\c18src\cxx-framework\src\traditional\proc\p18F86J50.asm
                 CMSTATUS   0x000f6a       data     extern C:\c18src\cxx-framework\src\traditional\proc\p18F86J50.asm
             CMSTATUSbits   0x000f6a       data     extern C:\c18src\cxx-framework\src\traditional\proc\p18F86J50.asm
               CMSTATbits   0x000f6a       data     extern C:\c18src\cxx-framework\src\traditional\proc\p18F86J50.asm
              CONFIG_TEST   0x000f17       data     static E:\2013\esmplab\test\sauve_mcw\lib_rf2gh4.c
              CONFIG_TEST   0x000f16       data     static E:\2013\esmplab\test\sauve_mcw\lib_rf2gh4.c
              CONFIG_TEST   0x000f15       data     static E:\2013\esmplab\test\sauve_mcw\lib_rf2gh4.c
                   CVRCON   0x000f77       data     extern C:\c18src\cxx-framework\src\traditional\proc\p18F86J50.asm
               CVRCONbits   0x000f77       data     extern C:\c18src\cxx-framework\src\traditional\proc\p18F86J50.asm
               DATA_N_RCV   0x000f14       data     static E:\2013\esmplab\test\sauve_mcw\lib_rf2gh4.c
               DATA_N_SND   0x000f13       data     static E:\2013\esmplab\test\sauve_mcw\lib_rf2gh4.c
                     DDRA   0x000f92       data     extern C:\c18src\cxx-framework\src\traditional\proc\p18F86J50.asm
                 DDRAbits   0x000f92       data     extern C:\c18src\cxx-framework\src\traditional\proc\p18F86J50.asm
                     DDRB   0x000f93       data     extern C:\c18src\cxx-framework\src\traditional\proc\p18F86J50.asm
                 DDRBbits   0x000f93       data     extern C:\c18src\cxx-framework\src\traditional\proc\p18F86J50.asm
                     DDRC   0x000f94       data     extern C:\c18src\cxx-framework\src\traditional\proc\p18F86J50.asm
                 DDRCbits   0x000f94       data     extern C:\c18src\cxx-framework\src\traditional\proc\p18F86J50.asm
                     DDRD   0x000f95       data     extern C:\c18src\cxx-framework\src\traditional\proc\p18F86J50.asm
                 DDRDbits   0x000f95       data     extern C:\c18src\cxx-framework\src\traditional\proc\p18F86J50.asm
                     DDRE   0x000f96       data     extern C:\c18src\cxx-framework\src\traditional\proc\p18F86J50.asm
                 DDREbits   0x000f96       data     extern C:\c18src\cxx-framework\src\traditional\proc\p18F86J50.asm
                     DDRF   0x000f97       data     extern C:\c18src\cxx-framework\src\traditional\proc\p18F86J50.asm
                 DDRFbits   0x000f97       data     extern C:\c18src\cxx-framework\src\traditional\proc\p18F86J50.asm
                     DDRG   0x000f98       data     extern C:\c18src\cxx-framework\src\traditional\proc\p18F86J50.asm
                 DDRGbits   0x000f98       data     extern C:\c18src\cxx-framework\src\traditional\proc\p18F86J50.asm
                     DDRH   0x000f99       data     extern C:\c18src\cxx-framework\src\traditional\proc\p18F86J50.asm
                 DDRHbits   0x000f99       data     extern C:\c18src\cxx-framework\src\traditional\proc\p18F86J50.asm
                     DDRJ   0x000f9a       data     extern C:\c18src\cxx-framework\src\traditional\proc\p18F86J50.asm
                 DDRJbits   0x000f9a       data     extern C:\c18src\cxx-framework\src\traditional\proc\p18F86J50.asm
            DelayCounter1   0x000013       data     extern C:\MCC18\v3_39\src\traditional\delays\delayd1.asm
            DelayCounter2   0x000012       data     extern C:\MCC18\v3_39\src\traditional\delays\delayd2.asm
                  ECCP1AS   0x000fbf       data     extern C:\c18src\cxx-framework\src\traditional\proc\p18F86J50.asm
              ECCP1ASbits   0x000fbf       data     extern C:\c18src\cxx-framework\src\traditional\proc\p18F86J50.asm
                 ECCP1CON   0x000fbb       data     extern C:\c18src\cxx-framework\src\traditional\proc\p18F86J50.asm
             ECCP1CONbits   0x000fbb       data     extern C:\c18src\cxx-framework\src\traditional\proc\p18F86J50.asm
                 ECCP1DEL   0x000fbe       data     extern C:\c18src\cxx-framework\src\traditional\proc\p18F86J50.asm
             ECCP1DELbits   0x000fbe       data     extern C:\c18src\cxx-framework\src\traditional\proc\p18F86J50.asm
                  ECCP2AS   0x000fba       data     extern C:\c18src\cxx-framework\src\traditional\proc\p18F86J50.asm
              ECCP2ASbits   0x000fba       data     extern C:\c18src\cxx-framework\src\traditional\proc\p18F86J50.asm
                 ECCP2CON   0x000fb6       data     extern C:\c18src\cxx-framework\src\traditional\proc\p18F86J50.asm
             ECCP2CONbits   0x000fb6       data     extern C:\c18src\cxx-framework\src\traditional\proc\p18F86J50.asm
                 ECCP2DEL   0x000fb9       data     extern C:\c18src\cxx-framework\src\traditional\proc\p18F86J50.asm
             ECCP2DELbits   0x000fb9       data     extern C:\c18src\cxx-framework\src\traditional\proc\p18F86J50.asm
                  ECCP3AS   0x000fb5       data     extern C:\c18src\cxx-framework\src\traditional\proc\p18F86J50.asm
              ECCP3ASbits   0x000fb5       data     extern C:\c18src\cxx-framework\src\traditional\proc\p18F86J50.asm
                 ECCP3CON   0x000fb1       data     extern C:\c18src\cxx-framework\src\traditional\proc\p18F86J50.asm
             ECCP3CONbits   0x000fb1       data     extern C:\c18src\cxx-framework\src\traditional\proc\p18F86J50.asm
                 ECCP3DEL   0x000fb4       data     extern C:\c18src\cxx-framework\src\traditional\proc\p18F86J50.asm
             ECCP3DELbits   0x000fb4       data     extern C:\c18src\cxx-framework\src\traditional\proc\p18F86J50.asm
                   EECON1   0x000fa6       data     extern C:\c18src\cxx-framework\src\traditional\proc\p18F86J50.asm
               EECON1bits   0x000fa6       data     extern C:\c18src\cxx-framework\src\traditional\proc\p18F86J50.asm
                   EECON2   0x000fa7       data     extern C:\c18src\cxx-framework\src\traditional\proc\p18F86J50.asm
                     FSR0   0x000fe9       data     extern C:\c18src\cxx-framework\src\traditional\proc\p18F86J50.asm
                    FSR0H   0x000fea       data     extern C:\c18src\cxx-framework\src\traditional\proc\p18F86J50.asm
                    FSR0L   0x000fe9       data     extern C:\c18src\cxx-framework\src\traditional\proc\p18F86J50.asm
                     FSR1   0x000fe1       data     extern C:\c18src\cxx-framework\src\traditional\proc\p18F86J50.asm
                    FSR1H   0x000fe2       data     extern C:\c18src\cxx-framework\src\traditional\proc\p18F86J50.asm
                    FSR1L   0x000fe1       data     extern C:\c18src\cxx-framework\src\traditional\proc\p18F86J50.asm
                     FSR2   0x000fd9       data     extern C:\c18src\cxx-framework\src\traditional\proc\p18F86J50.asm
                    FSR2H   0x000fda       data     extern C:\c18src\cxx-framework\src\traditional\proc\p18F86J50.asm
                    FSR2L   0x000fd9       data     extern C:\c18src\cxx-framework\src\traditional\proc\p18F86J50.asm
                    INDF0   0x000fef       data     extern C:\c18src\cxx-framework\src\traditional\proc\p18F86J50.asm
                    INDF1   0x000fe7       data     extern C:\c18src\cxx-framework\src\traditional\proc\p18F86J50.asm
                    INDF2   0x000fdf       data     extern C:\c18src\cxx-framework\src\traditional\proc\p18F86J50.asm
                   INTCON   0x000ff2       data     extern C:\c18src\cxx-framework\src\traditional\proc\p18F86J50.asm
                  INTCON2   0x000ff1       data     extern C:\c18src\cxx-framework\src\traditional\proc\p18F86J50.asm
              INTCON2bits   0x000ff1       data     extern C:\c18src\cxx-framework\src\traditional\proc\p18F86J50.asm
                  INTCON3   0x000ff0       data     extern C:\c18src\cxx-framework\src\traditional\proc\p18F86J50.asm
              INTCON3bits   0x000ff0       data     extern C:\c18src\cxx-framework\src\traditional\proc\p18F86J50.asm
               INTCONbits   0x000ff2       data     extern C:\c18src\cxx-framework\src\traditional\proc\p18F86J50.asm
                 INTER_RF   0x000f21       data     static E:\2013\esmplab\test\sauve_mcw\lib_rf2gh4.c
                 INTER_RF   0x000f24       data     static E:\2013\esmplab\test\sauve_mcw\lib_rf2gh4.c
                     IPR1   0x000f9f       data     extern C:\c18src\cxx-framework\src\traditional\proc\p18F86J50.asm
                 IPR1bits   0x000f9f       data     extern C:\c18src\cxx-framework\src\traditional\proc\p18F86J50.asm
                     IPR2   0x000fa2       data     extern C:\c18src\cxx-framework\src\traditional\proc\p18F86J50.asm
                 IPR2bits   0x000fa2       data     extern C:\c18src\cxx-framework\src\traditional\proc\p18F86J50.asm
                     IPR3   0x000fa5       data     extern C:\c18src\cxx-framework\src\traditional\proc\p18F86J50.asm
                 IPR3bits   0x000fa5       data     extern C:\c18src\cxx-framework\src\traditional\proc\p18F86J50.asm
                     LATA   0x000f89       data     extern C:\c18src\cxx-framework\src\traditional\proc\p18F86J50.asm
                 LATAbits   0x000f89       data     extern C:\c18src\cxx-framework\src\traditional\proc\p18F86J50.asm
                     LATB   0x000f8a       data     extern C:\c18src\cxx-framework\src\traditional\proc\p18F86J50.asm
                 LATBbits   0x000f8a       data     extern C:\c18src\cxx-framework\src\traditional\proc\p18F86J50.asm
                     LATC   0x000f8b       data     extern C:\c18src\cxx-framework\src\traditional\proc\p18F86J50.asm
                 LATCbits   0x000f8b       data     extern C:\c18src\cxx-framework\src\traditional\proc\p18F86J50.asm
                     LATD   0x000f8c       data     extern C:\c18src\cxx-framework\src\traditional\proc\p18F86J50.asm
                 LATDbits   0x000f8c       data     extern C:\c18src\cxx-framework\src\traditional\proc\p18F86J50.asm
                     LATE   0x000f8d       data     extern C:\c18src\cxx-framework\src\traditional\proc\p18F86J50.asm
                 LATEbits   0x000f8d       data     extern C:\c18src\cxx-framework\src\traditional\proc\p18F86J50.asm
                     LATF   0x000f8e       data     extern C:\c18src\cxx-framework\src\traditional\proc\p18F86J50.asm
                 LATFbits   0x000f8e       data     extern C:\c18src\cxx-framework\src\traditional\proc\p18F86J50.asm
                     LATG   0x000f8f       data     extern C:\c18src\cxx-framework\src\traditional\proc\p18F86J50.asm
                 LATGbits   0x000f8f       data     extern C:\c18src\cxx-framework\src\traditional\proc\p18F86J50.asm
                     LATH   0x000f90       data     extern C:\c18src\cxx-framework\src\traditional\proc\p18F86J50.asm
                 LATHbits   0x000f90       data     extern C:\c18src\cxx-framework\src\traditional\proc\p18F86J50.asm
                     LATJ   0x000f91       data     extern C:\c18src\cxx-framework\src\traditional\proc\p18F86J50.asm
                 LATJbits   0x000f91       data     extern C:\c18src\cxx-framework\src\traditional\proc\p18F86J50.asm
                   MEMCON   0x000fcb       data     extern C:\c18src\cxx-framework\src\traditional\proc\p18F86J50.asm
               MEMCONbits   0x000fcb       data     extern C:\c18src\cxx-framework\src\traditional\proc\p18F86J50.asm
                  MOT_ACK   0x000f10       data     static E:\2013\esmplab\test\sauve_mcw\lib_mot_moway.c
                  MOT_ACK   0x000f0d       data     static E:\2013\esmplab\test\sauve_mcw\lib_mot_moway.c
                  MOT_ACK   0x000f0a       data     static E:\2013\esmplab\test\sauve_mcw\lib_mot_moway.c
                  MOT_ACK   0x000f05       data     static E:\2013\esmplab\test\sauve_mcw\lib_mot_moway.c
               MOT_COMAND   0x000f01       data     static E:\2013\esmplab\test\sauve_mcw\lib_mot_moway.c
               MOT_COMAND   0x000f00       data     static E:\2013\esmplab\test\sauve_mcw\lib_mot_moway.c
               MOT_COMAND   0x000f02       data     static E:\2013\esmplab\test\sauve_mcw\lib_mot_moway.c
               MOT_COMAND   0x000f03       data     static E:\2013\esmplab\test\sauve_mcw\lib_mot_moway.c
               MOT_COMAND   0x000f04       data     static E:\2013\esmplab\test\sauve_mcw\lib_mot_moway.c
               MOT_RE_SND   0x000f0c       data     static E:\2013\esmplab\test\sauve_mcw\lib_mot_moway.c
               MOT_RE_SND   0x000f12       data     static E:\2013\esmplab\test\sauve_mcw\lib_mot_moway.c
               MOT_RE_SND   0x000f0f       data     static E:\2013\esmplab\test\sauve_mcw\lib_mot_moway.c
               MOT_RE_SND   0x000f07       data     static E:\2013\esmplab\test\sauve_mcw\lib_mot_moway.c
               MOT_SND_OK   0x000f06       data     static E:\2013\esmplab\test\sauve_mcw\lib_mot_moway.c
               MOT_SND_OK   0x000f0e       data     static E:\2013\esmplab\test\sauve_mcw\lib_mot_moway.c
               MOT_SND_OK   0x000f11       data     static E:\2013\esmplab\test\sauve_mcw\lib_mot_moway.c
               MOT_SND_OK   0x000f0b       data     static E:\2013\esmplab\test\sauve_mcw\lib_mot_moway.c
          MOT_STATUS_DATA   0x000f08       data     static E:\2013\esmplab\test\sauve_mcw\lib_mot_moway.c
                    NO_RF   0x000f22       data     static E:\2013\esmplab\test\sauve_mcw\lib_rf2gh4.c
                   ODCON1   0x000fcf       data     extern C:\c18src\cxx-framework\src\traditional\proc\p18F86J50.asm
               ODCON1bits   0x000fcf       data     extern C:\c18src\cxx-framework\src\traditional\proc\p18F86J50.asm
                   ODCON2   0x000fce       data     extern C:\c18src\cxx-framework\src\traditional\proc\p18F86J50.asm
               ODCON2bits   0x000fce       data     extern C:\c18src\cxx-framework\src\traditional\proc\p18F86J50.asm
                   ODCON3   0x000fcd       data     extern C:\c18src\cxx-framework\src\traditional\proc\p18F86J50.asm
               ODCON3bits   0x000fcd       data     extern C:\c18src\cxx-framework\src\traditional\proc\p18F86J50.asm
                   OSCCON   0x000fd3       data     extern C:\c18src\cxx-framework\src\traditional\proc\p18F86J50.asm
               OSCCONbits   0x000fd3       data     extern C:\c18src\cxx-framework\src\traditional\proc\p18F86J50.asm
                  OSCTUNE   0x000f9b       data     extern C:\c18src\cxx-framework\src\traditional\proc\p18F86J50.asm
              OSCTUNEbits   0x000f9b       data     extern C:\c18src\cxx-framework\src\traditional\proc\p18F86J50.asm
                  PADCFG1   0x000fcc       data     extern C:\c18src\cxx-framework\src\traditional\proc\p18F86J50.asm
              PADCFG1bits   0x000fcc       data     extern C:\c18src\cxx-framework\src\traditional\proc\p18F86J50.asm
                       PC   0x000ff9       data     extern C:\c18src\cxx-framework\src\traditional\proc\p18F86J50.asm
                      PCL   0x000ff9       data     extern C:\c18src\cxx-framework\src\traditional\proc\p18F86J50.asm
                   PCLATH   0x000ffa       data     extern C:\c18src\cxx-framework\src\traditional\proc\p18F86J50.asm
                   PCLATU   0x000ffb       data     extern C:\c18src\cxx-framework\src\traditional\proc\p18F86J50.asm
                     PIE1   0x000f9d       data     extern C:\c18src\cxx-framework\src\traditional\proc\p18F86J50.asm
                 PIE1bits   0x000f9d       data     extern C:\c18src\cxx-framework\src\traditional\proc\p18F86J50.asm
                     PIE2   0x000fa0       data     extern C:\c18src\cxx-framework\src\traditional\proc\p18F86J50.asm
                 PIE2bits   0x000fa0       data     extern C:\c18src\cxx-framework\src\traditional\proc\p18F86J50.asm
                     PIE3   0x000fa3       data     extern C:\c18src\cxx-framework\src\traditional\proc\p18F86J50.asm
                 PIE3bits   0x000fa3       data     extern C:\c18src\cxx-framework\src\traditional\proc\p18F86J50.asm
                     PIR1   0x000f9e       data     extern C:\c18src\cxx-framework\src\traditional\proc\p18F86J50.asm
                 PIR1bits   0x000f9e       data     extern C:\c18src\cxx-framework\src\traditional\proc\p18F86J50.asm
                     PIR2   0x000fa1       data     extern C:\c18src\cxx-framework\src\traditional\proc\p18F86J50.asm
                 PIR2bits   0x000fa1       data     extern C:\c18src\cxx-framework\src\traditional\proc\p18F86J50.asm
                     PIR3   0x000fa4       data     extern C:\c18src\cxx-framework\src\traditional\proc\p18F86J50.asm
                 PIR3bits   0x000fa4       data     extern C:\c18src\cxx-framework\src\traditional\proc\p18F86J50.asm
                   PLUSW0   0x000feb       data     extern C:\c18src\cxx-framework\src\traditional\proc\p18F86J50.asm
                   PLUSW1   0x000fe3       data     extern C:\c18src\cxx-framework\src\traditional\proc\p18F86J50.asm
                   PLUSW2   0x000fdb       data     extern C:\c18src\cxx-framework\src\traditional\proc\p18F86J50.asm
                   PMADDR   0x000f68       data     extern C:\c18src\cxx-framework\src\traditional\proc\p18F86J50.asm
                  PMADDRH   0x000f69       data     extern C:\c18src\cxx-framework\src\traditional\proc\p18F86J50.asm
              PMADDRHbits   0x000f69       data     extern C:\c18src\cxx-framework\src\traditional\proc\p18F86J50.asm
                  PMADDRL   0x000f68       data     extern C:\c18src\cxx-framework\src\traditional\proc\p18F86J50.asm
                    PMCON   0x000f4a       data     extern C:\c18src\cxx-framework\src\traditional\proc\p18F86J50.asm
                   PMCONH   0x000f4b       data     extern C:\c18src\cxx-framework\src\traditional\proc\p18F86J50.asm
               PMCONHbits   0x000f4b       data     extern C:\c18src\cxx-framework\src\traditional\proc\p18F86J50.asm
                   PMCONL   0x000f4a       data     extern C:\c18src\cxx-framework\src\traditional\proc\p18F86J50.asm
               PMCONLbits   0x000f4a       data     extern C:\c18src\cxx-framework\src\traditional\proc\p18F86J50.asm
                   PMDIN1   0x000f66       data     extern C:\c18src\cxx-framework\src\traditional\proc\p18F86J50.asm
                  PMDIN1H   0x000f67       data     extern C:\c18src\cxx-framework\src\traditional\proc\p18F86J50.asm
                  PMDIN1L   0x000f66       data     extern C:\c18src\cxx-framework\src\traditional\proc\p18F86J50.asm
                   PMDIN2   0x000f44       data     extern C:\c18src\cxx-framework\src\traditional\proc\p18F86J50.asm
                  PMDIN2H   0x000f45       data     extern C:\c18src\cxx-framework\src\traditional\proc\p18F86J50.asm
                  PMDIN2L   0x000f44       data     extern C:\c18src\cxx-framework\src\traditional\proc\p18F86J50.asm
                  PMDOUT1   0x000f68       data     extern C:\c18src\cxx-framework\src\traditional\proc\p18F86J50.asm
                 PMDOUT1H   0x000f69       data     extern C:\c18src\cxx-framework\src\traditional\proc\p18F86J50.asm
                 PMDOUT1L   0x000f68       data     extern C:\c18src\cxx-framework\src\traditional\proc\p18F86J50.asm
                  PMDOUT2   0x000f46       data     extern C:\c18src\cxx-framework\src\traditional\proc\p18F86J50.asm
                 PMDOUT2H   0x000f47       data     extern C:\c18src\cxx-framework\src\traditional\proc\p18F86J50.asm
                 PMDOUT2L   0x000f46       data     extern C:\c18src\cxx-framework\src\traditional\proc\p18F86J50.asm
                     PMEH   0x000f43       data     extern C:\c18src\cxx-framework\src\traditional\proc\p18F86J50.asm
                 PMEHbits   0x000f43       data     extern C:\c18src\cxx-framework\src\traditional\proc\p18F86J50.asm
                     PMEL   0x000f42       data     extern C:\c18src\cxx-framework\src\traditional\proc\p18F86J50.asm
                 PMELbits   0x000f42       data     extern C:\c18src\cxx-framework\src\traditional\proc\p18F86J50.asm
                     PMEN   0x000f42       data     extern C:\c18src\cxx-framework\src\traditional\proc\p18F86J50.asm
                   PMMODE   0x000f48       data     extern C:\c18src\cxx-framework\src\traditional\proc\p18F86J50.asm
                  PMMODEH   0x000f49       data     extern C:\c18src\cxx-framework\src\traditional\proc\p18F86J50.asm
              PMMODEHbits   0x000f49       data     extern C:\c18src\cxx-framework\src\traditional\proc\p18F86J50.asm
                  PMMODEL   0x000f48       data     extern C:\c18src\cxx-framework\src\traditional\proc\p18F86J50.asm
              PMMODELbits   0x000f48       data     extern C:\c18src\cxx-framework\src\traditional\proc\p18F86J50.asm
                   PMSTAT   0x000f40       data     extern C:\c18src\cxx-framework\src\traditional\proc\p18F86J50.asm
                  PMSTATH   0x000f41       data     extern C:\c18src\cxx-framework\src\traditional\proc\p18F86J50.asm
              PMSTATHbits   0x000f41       data     extern C:\c18src\cxx-framework\src\traditional\proc\p18F86J50.asm
                  PMSTATL   0x000f40       data     extern C:\c18src\cxx-framework\src\traditional\proc\p18F86J50.asm
              PMSTATLbits   0x000f40       data     extern C:\c18src\cxx-framework\src\traditional\proc\p18F86J50.asm
                    PORTA   0x000f80       data     extern C:\c18src\cxx-framework\src\traditional\proc\p18F86J50.asm
                PORTAbits   0x000f80       data     extern C:\c18src\cxx-framework\src\traditional\proc\p18F86J50.asm
                    PORTB   0x000f81       data     extern C:\c18src\cxx-framework\src\traditional\proc\p18F86J50.asm
                PORTBbits   0x000f81       data     extern C:\c18src\cxx-framework\src\traditional\proc\p18F86J50.asm
                    PORTC   0x000f82       data     extern C:\c18src\cxx-framework\src\traditional\proc\p18F86J50.asm
                PORTCbits   0x000f82       data     extern C:\c18src\cxx-framework\src\traditional\proc\p18F86J50.asm
                    PORTD   0x000f83       data     extern C:\c18src\cxx-framework\src\traditional\proc\p18F86J50.asm
                PORTDbits   0x000f83       data     extern C:\c18src\cxx-framework\src\traditional\proc\p18F86J50.asm
                    PORTE   0x000f84       data     extern C:\c18src\cxx-framework\src\traditional\proc\p18F86J50.asm
                PORTEbits   0x000f84       data     extern C:\c18src\cxx-framework\src\traditional\proc\p18F86J50.asm
                    PORTF   0x000f85       data     extern C:\c18src\cxx-framework\src\traditional\proc\p18F86J50.asm
                PORTFbits   0x000f85       data     extern C:\c18src\cxx-framework\src\traditional\proc\p18F86J50.asm
                    PORTG   0x000f86       data     extern C:\c18src\cxx-framework\src\traditional\proc\p18F86J50.asm
                PORTGbits   0x000f86       data     extern C:\c18src\cxx-framework\src\traditional\proc\p18F86J50.asm
                    PORTH   0x000f87       data     extern C:\c18src\cxx-framework\src\traditional\proc\p18F86J50.asm
                PORTHbits   0x000f87       data     extern C:\c18src\cxx-framework\src\traditional\proc\p18F86J50.asm
                    PORTJ   0x000f88       data     extern C:\c18src\cxx-framework\src\traditional\proc\p18F86J50.asm
                PORTJbits   0x000f88       data     extern C:\c18src\cxx-framework\src\traditional\proc\p18F86J50.asm
                 POSTDEC0   0x000fed       data     extern C:\c18src\cxx-framework\src\traditional\proc\p18F86J50.asm
                 POSTDEC1   0x000fe5       data     extern C:\c18src\cxx-framework\src\traditional\proc\p18F86J50.asm
                 POSTDEC2   0x000fdd       data     extern C:\c18src\cxx-framework\src\traditional\proc\p18F86J50.asm
                 POSTINC0   0x000fee       data     extern C:\c18src\cxx-framework\src\traditional\proc\p18F86J50.asm
                 POSTINC1   0x000fe6       data     extern C:\c18src\cxx-framework\src\traditional\proc\p18F86J50.asm
                 POSTINC2   0x000fde       data     extern C:\c18src\cxx-framework\src\traditional\proc\p18F86J50.asm
                      PR2   0x000fcb       data     extern C:\c18src\cxx-framework\src\traditional\proc\p18F86J50.asm
                      PR4   0x000f77       data     extern C:\c18src\cxx-framework\src\traditional\proc\p18F86J50.asm
                  PREINC0   0x000fec       data     extern C:\c18src\cxx-framework\src\traditional\proc\p18F86J50.asm
                  PREINC1   0x000fe4       data     extern C:\c18src\cxx-framework\src\traditional\proc\p18F86J50.asm
                  PREINC2   0x000fdc       data     extern C:\c18src\cxx-framework\src\traditional\proc\p18F86J50.asm
                     PROD   0x000ff3       data     extern C:\c18src\cxx-framework\src\traditional\proc\p18F86J50.asm
                    PRODH   0x000ff4       data     extern C:\c18src\cxx-framework\src\traditional\proc\p18F86J50.asm
                    PRODL   0x000ff3       data     extern C:\c18src\cxx-framework\src\traditional\proc\p18F86J50.asm
                     RCON   0x000fd0       data     extern C:\c18src\cxx-framework\src\traditional\proc\p18F86J50.asm
                 RCONbits   0x000fd0       data     extern C:\c18src\cxx-framework\src\traditional\proc\p18F86J50.asm
                    RCREG   0x000faf       data     extern C:\c18src\cxx-framework\src\traditional\proc\p18F86J50.asm
                   RCREG1   0x000faf       data     extern C:\c18src\cxx-framework\src\traditional\proc\p18F86J50.asm
                   RCREG2   0x000faa       data     extern C:\c18src\cxx-framework\src\traditional\proc\p18F86J50.asm
                    RCSTA   0x000fac       data     extern C:\c18src\cxx-framework\src\traditional\proc\p18F86J50.asm
                   RCSTA1   0x000fac       data     extern C:\c18src\cxx-framework\src\traditional\proc\p18F86J50.asm
               RCSTA1bits   0x000fac       data     extern C:\c18src\cxx-framework\src\traditional\proc\p18F86J50.asm
                   RCSTA2   0x000f9c       data     extern C:\c18src\cxx-framework\src\traditional\proc\p18F86J50.asm
               RCSTA2bits   0x000f9c       data     extern C:\c18src\cxx-framework\src\traditional\proc\p18F86J50.asm
                RCSTAbits   0x000fac       data     extern C:\c18src\cxx-framework\src\traditional\proc\p18F86J50.asm
                  REFOCON   0x000fd3       data     extern C:\c18src\cxx-framework\src\traditional\proc\p18F86J50.asm
              REFOCONbits   0x000fd3       data     extern C:\c18src\cxx-framework\src\traditional\proc\p18F86J50.asm
               RF_PAY_DIR   0x000f20       data     static E:\2013\esmplab\test\sauve_mcw\lib_rf2gh4.c
               RF_PAY_OUT   0x000f18       data     static E:\2013\esmplab\test\sauve_mcw\lib_rf2gh4.c
       SEN_ACCE_BYTE_IN_1   0x000f3f       data     static E:\2013\esmplab\test\sauve_mcw\lib_sen_moway.c
       SEN_ACCE_BYTE_IN_1   0x000f3b       data     static E:\2013\esmplab\test\sauve_mcw\lib_sen_moway.c
       SEN_ACCE_BYTE_IN_2   0x000f3e       data     static E:\2013\esmplab\test\sauve_mcw\lib_sen_moway.c
       SEN_ACCE_BYTE_IN_2   0x000f3a       data     static E:\2013\esmplab\test\sauve_mcw\lib_sen_moway.c
      SEN_ACCE_BYTE_OUT_1   0x000f3c       data     static E:\2013\esmplab\test\sauve_mcw\lib_sen_moway.c
      SEN_ACCE_BYTE_OUT_1   0x000f38       data     static E:\2013\esmplab\test\sauve_mcw\lib_sen_moway.c
      SEN_ACCE_BYTE_OUT_2   0x000f3d       data     static E:\2013\esmplab\test\sauve_mcw\lib_sen_moway.c
      SEN_ACCE_BYTE_OUT_2   0x000f39       data     static E:\2013\esmplab\test\sauve_mcw\lib_sen_moway.c
                     SIGN   0x000000       data     extern C:\MCC18\v3_39\src\traditional\math\cmath18.asm
                    SPBRG   0x000fb0       data     extern C:\c18src\cxx-framework\src\traditional\proc\p18F86J50.asm
                   SPBRG1   0x000fb0       data     extern C:\c18src\cxx-framework\src\traditional\proc\p18F86J50.asm
                   SPBRG2   0x000fab       data     extern C:\c18src\cxx-framework\src\traditional\proc\p18F86J50.asm
                   SPBRGH   0x000f7f       data     extern C:\c18src\cxx-framework\src\traditional\proc\p18F86J50.asm
                  SPBRGH1   0x000f7f       data     extern C:\c18src\cxx-framework\src\traditional\proc\p18F86J50.asm
                  SPBRGH2   0x000f7d       data     extern C:\c18src\cxx-framework\src\traditional\proc\p18F86J50.asm
                  SSP1ADD   0x000fc8       data     extern C:\c18src\cxx-framework\src\traditional\proc\p18F86J50.asm
                  SSP1BUF   0x000fc9       data     extern C:\c18src\cxx-framework\src\traditional\proc\p18F86J50.asm
                 SSP1CON1   0x000fc6       data     extern C:\c18src\cxx-framework\src\traditional\proc\p18F86J50.asm
             SSP1CON1bits   0x000fc6       data     extern C:\c18src\cxx-framework\src\traditional\proc\p18F86J50.asm
                 SSP1CON2   0x000fc5       data     extern C:\c18src\cxx-framework\src\traditional\proc\p18F86J50.asm
             SSP1CON2bits   0x000fc5       data     extern C:\c18src\cxx-framework\src\traditional\proc\p18F86J50.asm
                  SSP1MSK   0x000fc8       data     extern C:\c18src\cxx-framework\src\traditional\proc\p18F86J50.asm
              SSP1MSKbits   0x000fc8       data     extern C:\c18src\cxx-framework\src\traditional\proc\p18F86J50.asm
                 SSP1STAT   0x000fc7       data     extern C:\c18src\cxx-framework\src\traditional\proc\p18F86J50.asm
             SSP1STATbits   0x000fc7       data     extern C:\c18src\cxx-framework\src\traditional\proc\p18F86J50.asm
                  SSP2ADD   0x000f6e       data     extern C:\c18src\cxx-framework\src\traditional\proc\p18F86J50.asm
                  SSP2BUF   0x000f6f       data     extern C:\c18src\cxx-framework\src\traditional\proc\p18F86J50.asm
                 SSP2CON1   0x000f6c       data     extern C:\c18src\cxx-framework\src\traditional\proc\p18F86J50.asm
             SSP2CON1bits   0x000f6c       data     extern C:\c18src\cxx-framework\src\traditional\proc\p18F86J50.asm
                 SSP2CON2   0x000f6b       data     extern C:\c18src\cxx-framework\src\traditional\proc\p18F86J50.asm
             SSP2CON2bits   0x000f6b       data     extern C:\c18src\cxx-framework\src\traditional\proc\p18F86J50.asm
                  SSP2MSK   0x000f6e       data     extern C:\c18src\cxx-framework\src\traditional\proc\p18F86J50.asm
              SSP2MSKbits   0x000f6e       data     extern C:\c18src\cxx-framework\src\traditional\proc\p18F86J50.asm
                 SSP2STAT   0x000f6d       data     extern C:\c18src\cxx-framework\src\traditional\proc\p18F86J50.asm
             SSP2STATbits   0x000f6d       data     extern C:\c18src\cxx-framework\src\traditional\proc\p18F86J50.asm
                   SSPADD   0x000fc8       data     extern C:\c18src\cxx-framework\src\traditional\proc\p18F86J50.asm
                   SSPBUF   0x000fc9       data     extern C:\c18src\cxx-framework\src\traditional\proc\p18F86J50.asm
                  SSPCON1   0x000fc6       data     extern C:\c18src\cxx-framework\src\traditional\proc\p18F86J50.asm
              SSPCON1bits   0x000fc6       data     extern C:\c18src\cxx-framework\src\traditional\proc\p18F86J50.asm
                  SSPCON2   0x000fc5       data     extern C:\c18src\cxx-framework\src\traditional\proc\p18F86J50.asm
              SSPCON2bits   0x000fc5       data     extern C:\c18src\cxx-framework\src\traditional\proc\p18F86J50.asm
                  SSPSTAT   0x000fc7       data     extern C:\c18src\cxx-framework\src\traditional\proc\p18F86J50.asm
              SSPSTATbits   0x000fc7       data     extern C:\c18src\cxx-framework\src\traditional\proc\p18F86J50.asm
                   STATUS   0x000fd8       data     extern C:\c18src\cxx-framework\src\traditional\proc\p18F86J50.asm
               STATUSbits   0x000fd8       data     extern C:\c18src\cxx-framework\src\traditional\proc\p18F86J50.asm
                   STKPTR   0x000ffc       data     extern C:\c18src\cxx-framework\src\traditional\proc\p18F86J50.asm
               STKPTRbits   0x000ffc       data     extern C:\c18src\cxx-framework\src\traditional\proc\p18F86J50.asm
                    T0CON   0x000fd5       data     extern C:\c18src\cxx-framework\src\traditional\proc\p18F86J50.asm
                T0CONbits   0x000fd5       data     extern C:\c18src\cxx-framework\src\traditional\proc\p18F86J50.asm
                    T1CON   0x000fcd       data     extern C:\c18src\cxx-framework\src\traditional\proc\p18F86J50.asm
                T1CONbits   0x000fcd       data     extern C:\c18src\cxx-framework\src\traditional\proc\p18F86J50.asm
                    T2CON   0x000fca       data     extern C:\c18src\cxx-framework\src\traditional\proc\p18F86J50.asm
                T2CONbits   0x000fca       data     extern C:\c18src\cxx-framework\src\traditional\proc\p18F86J50.asm
                    T3CON   0x000f79       data     extern C:\c18src\cxx-framework\src\traditional\proc\p18F86J50.asm
                T3CONbits   0x000f79       data     extern C:\c18src\cxx-framework\src\traditional\proc\p18F86J50.asm
                    T4CON   0x000f76       data     extern C:\c18src\cxx-framework\src\traditional\proc\p18F86J50.asm
                T4CONbits   0x000f76       data     extern C:\c18src\cxx-framework\src\traditional\proc\p18F86J50.asm
                   TABLAT   0x000ff5       data     extern C:\c18src\cxx-framework\src\traditional\proc\p18F86J50.asm
                   TBLPTR   0x000ff6       data     extern C:\c18src\cxx-framework\src\traditional\proc\p18F86J50.asm
                  TBLPTRH   0x000ff7       data     extern C:\c18src\cxx-framework\src\traditional\proc\p18F86J50.asm
                  TBLPTRL   0x000ff6       data     extern C:\c18src\cxx-framework\src\traditional\proc\p18F86J50.asm
                  TBLPTRU   0x000ff8       data     extern C:\c18src\cxx-framework\src\traditional\proc\p18F86J50.asm
                    TMR0H   0x000fd7       data     extern C:\c18src\cxx-framework\src\traditional\proc\p18F86J50.asm
                    TMR0L   0x000fd6       data     extern C:\c18src\cxx-framework\src\traditional\proc\p18F86J50.asm
                    TMR1H   0x000fcf       data     extern C:\c18src\cxx-framework\src\traditional\proc\p18F86J50.asm
                    TMR1L   0x000fce       data     extern C:\c18src\cxx-framework\src\traditional\proc\p18F86J50.asm
                     TMR2   0x000fcc       data     extern C:\c18src\cxx-framework\src\traditional\proc\p18F86J50.asm
                    TMR3H   0x000f7b       data     extern C:\c18src\cxx-framework\src\traditional\proc\p18F86J50.asm
                    TMR3L   0x000f7a       data     extern C:\c18src\cxx-framework\src\traditional\proc\p18F86J50.asm
                     TMR4   0x000f78       data     extern C:\c18src\cxx-framework\src\traditional\proc\p18F86J50.asm
                      TOS   0x000ffd       data     extern C:\c18src\cxx-framework\src\traditional\proc\p18F86J50.asm
                     TOSH   0x000ffe       data     extern C:\c18src\cxx-framework\src\traditional\proc\p18F86J50.asm
                     TOSL   0x000ffd       data     extern C:\c18src\cxx-framework\src\traditional\proc\p18F86J50.asm
                     TOSU   0x000fff       data     extern C:\c18src\cxx-framework\src\traditional\proc\p18F86J50.asm
                    TRISA   0x000f92       data     extern C:\c18src\cxx-framework\src\traditional\proc\p18F86J50.asm
                TRISAbits   0x000f92       data     extern C:\c18src\cxx-framework\src\traditional\proc\p18F86J50.asm
                    TRISB   0x000f93       data     extern C:\c18src\cxx-framework\src\traditional\proc\p18F86J50.asm
                TRISBbits   0x000f93       data     extern C:\c18src\cxx-framework\src\traditional\proc\p18F86J50.asm
                    TRISC   0x000f94       data     extern C:\c18src\cxx-framework\src\traditional\proc\p18F86J50.asm
                TRISCbits   0x000f94       data     extern C:\c18src\cxx-framework\src\traditional\proc\p18F86J50.asm
                    TRISD   0x000f95       data     extern C:\c18src\cxx-framework\src\traditional\proc\p18F86J50.asm
                TRISDbits   0x000f95       data     extern C:\c18src\cxx-framework\src\traditional\proc\p18F86J50.asm
                    TRISE   0x000f96       data     extern C:\c18src\cxx-framework\src\traditional\proc\p18F86J50.asm
                TRISEbits   0x000f96       data     extern C:\c18src\cxx-framework\src\traditional\proc\p18F86J50.asm
                    TRISF   0x000f97       data     extern C:\c18src\cxx-framework\src\traditional\proc\p18F86J50.asm
                TRISFbits   0x000f97       data     extern C:\c18src\cxx-framework\src\traditional\proc\p18F86J50.asm
                    TRISG   0x000f98       data     extern C:\c18src\cxx-framework\src\traditional\proc\p18F86J50.asm
                TRISGbits   0x000f98       data     extern C:\c18src\cxx-framework\src\traditional\proc\p18F86J50.asm
                    TRISH   0x000f99       data     extern C:\c18src\cxx-framework\src\traditional\proc\p18F86J50.asm
                TRISHbits   0x000f99       data     extern C:\c18src\cxx-framework\src\traditional\proc\p18F86J50.asm
                    TRISJ   0x000f9a       data     extern C:\c18src\cxx-framework\src\traditional\proc\p18F86J50.asm
                TRISJbits   0x000f9a       data     extern C:\c18src\cxx-framework\src\traditional\proc\p18F86J50.asm
                    TXREG   0x000fae       data     extern C:\c18src\cxx-framework\src\traditional\proc\p18F86J50.asm
                   TXREG1   0x000fae       data     extern C:\c18src\cxx-framework\src\traditional\proc\p18F86J50.asm
                   TXREG2   0x000fa9       data     extern C:\c18src\cxx-framework\src\traditional\proc\p18F86J50.asm
                    TXSTA   0x000fad       data     extern C:\c18src\cxx-framework\src\traditional\proc\p18F86J50.asm
                   TXSTA1   0x000fad       data     extern C:\c18src\cxx-framework\src\traditional\proc\p18F86J50.asm
               TXSTA1bits   0x000fad       data     extern C:\c18src\cxx-framework\src\traditional\proc\p18F86J50.asm
                   TXSTA2   0x000fa8       data     extern C:\c18src\cxx-framework\src\traditional\proc\p18F86J50.asm
               TXSTA2bits   0x000fa8       data     extern C:\c18src\cxx-framework\src\traditional\proc\p18F86J50.asm
                TXSTAbits   0x000fad       data     extern C:\c18src\cxx-framework\src\traditional\proc\p18F86J50.asm
                    UADDR   0x000f5e       data     extern C:\c18src\cxx-framework\src\traditional\proc\p18F86J50.asm
                UADDRbits   0x000f5e       data     extern C:\c18src\cxx-framework\src\traditional\proc\p18F86J50.asm
                     UCFG   0x000f5f       data     extern C:\c18src\cxx-framework\src\traditional\proc\p18F86J50.asm
                 UCFGbits   0x000f5f       data     extern C:\c18src\cxx-framework\src\traditional\proc\p18F86J50.asm
                     UCON   0x000f65       data     extern C:\c18src\cxx-framework\src\traditional\proc\p18F86J50.asm
                 UCONbits   0x000f65       data     extern C:\c18src\cxx-framework\src\traditional\proc\p18F86J50.asm
                     UEIE   0x000f5d       data     extern C:\c18src\cxx-framework\src\traditional\proc\p18F86J50.asm
                 UEIEbits   0x000f5d       data     extern C:\c18src\cxx-framework\src\traditional\proc\p18F86J50.asm
                     UEIR   0x000f63       data     extern C:\c18src\cxx-framework\src\traditional\proc\p18F86J50.asm
                 UEIRbits   0x000f63       data     extern C:\c18src\cxx-framework\src\traditional\proc\p18F86J50.asm
                     UEP0   0x000f4c       data     extern C:\c18src\cxx-framework\src\traditional\proc\p18F86J50.asm
                 UEP0bits   0x000f4c       data     extern C:\c18src\cxx-framework\src\traditional\proc\p18F86J50.asm
                     UEP1   0x000f4d       data     extern C:\c18src\cxx-framework\src\traditional\proc\p18F86J50.asm
                    UEP10   0x000f56       data     extern C:\c18src\cxx-framework\src\traditional\proc\p18F86J50.asm
                UEP10bits   0x000f56       data     extern C:\c18src\cxx-framework\src\traditional\proc\p18F86J50.asm
                    UEP11   0x000f57       data     extern C:\c18src\cxx-framework\src\traditional\proc\p18F86J50.asm
                UEP11bits   0x000f57       data     extern C:\c18src\cxx-framework\src\traditional\proc\p18F86J50.asm
                    UEP12   0x000f58       data     extern C:\c18src\cxx-framework\src\traditional\proc\p18F86J50.asm
                UEP12bits   0x000f58       data     extern C:\c18src\cxx-framework\src\traditional\proc\p18F86J50.asm
                    UEP13   0x000f59       data     extern C:\c18src\cxx-framework\src\traditional\proc\p18F86J50.asm
                UEP13bits   0x000f59       data     extern C:\c18src\cxx-framework\src\traditional\proc\p18F86J50.asm
                    UEP14   0x000f5a       data     extern C:\c18src\cxx-framework\src\traditional\proc\p18F86J50.asm
                UEP14bits   0x000f5a       data     extern C:\c18src\cxx-framework\src\traditional\proc\p18F86J50.asm
                    UEP15   0x000f5b       data     extern C:\c18src\cxx-framework\src\traditional\proc\p18F86J50.asm
                UEP15bits   0x000f5b       data     extern C:\c18src\cxx-framework\src\traditional\proc\p18F86J50.asm
                 UEP1bits   0x000f4d       data     extern C:\c18src\cxx-framework\src\traditional\proc\p18F86J50.asm
                     UEP2   0x000f4e       data     extern C:\c18src\cxx-framework\src\traditional\proc\p18F86J50.asm
                 UEP2bits   0x000f4e       data     extern C:\c18src\cxx-framework\src\traditional\proc\p18F86J50.asm
                     UEP3   0x000f4f       data     extern C:\c18src\cxx-framework\src\traditional\proc\p18F86J50.asm
                 UEP3bits   0x000f4f       data     extern C:\c18src\cxx-framework\src\traditional\proc\p18F86J50.asm
                     UEP4   0x000f50       data     extern C:\c18src\cxx-framework\src\traditional\proc\p18F86J50.asm
                 UEP4bits   0x000f50       data     extern C:\c18src\cxx-framework\src\traditional\proc\p18F86J50.asm
                     UEP5   0x000f51       data     extern C:\c18src\cxx-framework\src\traditional\proc\p18F86J50.asm
                 UEP5bits   0x000f51       data     extern C:\c18src\cxx-framework\src\traditional\proc\p18F86J50.asm
                     UEP6   0x000f52       data     extern C:\c18src\cxx-framework\src\traditional\proc\p18F86J50.asm
                 UEP6bits   0x000f52       data     extern C:\c18src\cxx-framework\src\traditional\proc\p18F86J50.asm
                     UEP7   0x000f53       data     extern C:\c18src\cxx-framework\src\traditional\proc\p18F86J50.asm
                 UEP7bits   0x000f53       data     extern C:\c18src\cxx-framework\src\traditional\proc\p18F86J50.asm
                     UEP8   0x000f54       data     extern C:\c18src\cxx-framework\src\traditional\proc\p18F86J50.asm
                 UEP8bits   0x000f54       data     extern C:\c18src\cxx-framework\src\traditional\proc\p18F86J50.asm
                     UEP9   0x000f55       data     extern C:\c18src\cxx-framework\src\traditional\proc\p18F86J50.asm
                 UEP9bits   0x000f55       data     extern C:\c18src\cxx-framework\src\traditional\proc\p18F86J50.asm
                     UFRM   0x000f60       data     extern C:\c18src\cxx-framework\src\traditional\proc\p18F86J50.asm
                    UFRMH   0x000f61       data     extern C:\c18src\cxx-framework\src\traditional\proc\p18F86J50.asm
                UFRMHbits   0x000f61       data     extern C:\c18src\cxx-framework\src\traditional\proc\p18F86J50.asm
                    UFRML   0x000f60       data     extern C:\c18src\cxx-framework\src\traditional\proc\p18F86J50.asm
                UFRMLbits   0x000f60       data     extern C:\c18src\cxx-framework\src\traditional\proc\p18F86J50.asm
                      UIE   0x000f5c       data     extern C:\c18src\cxx-framework\src\traditional\proc\p18F86J50.asm
                  UIEbits   0x000f5c       data     extern C:\c18src\cxx-framework\src\traditional\proc\p18F86J50.asm
                      UIR   0x000f62       data     extern C:\c18src\cxx-framework\src\traditional\proc\p18F86J50.asm
                  UIRbits   0x000f62       data     extern C:\c18src\cxx-framework\src\traditional\proc\p18F86J50.asm
                    USTAT   0x000f64       data     extern C:\c18src\cxx-framework\src\traditional\proc\p18F86J50.asm
                USTATbits   0x000f64       data     extern C:\c18src\cxx-framework\src\traditional\proc\p18F86J50.asm
                   WDTCON   0x000fc0       data     extern C:\c18src\cxx-framework\src\traditional\proc\p18F86J50.asm
               WDTCONbits   0x000fc0       data     extern C:\c18src\cxx-framework\src\traditional\proc\p18F86J50.asm
                     WREG   0x000fe8       data     extern C:\c18src\cxx-framework\src\traditional\proc\p18F86J50.asm
                 __AARGB0   0x000009       data     extern C:\MCC18\v3_39\src\traditional\math\aarg.asm
                 __AARGB1   0x000008       data     extern C:\MCC18\v3_39\src\traditional\math\aarg.asm
                 __AARGB2   0x000007       data     extern C:\MCC18\v3_39\src\traditional\math\aarg.asm
                 __AARGB3   0x000006       data     extern C:\MCC18\v3_39\src\traditional\math\aarg.asm
                 __AARGB4   0x000005       data     extern C:\MCC18\v3_39\src\traditional\math\aarg.asm
                 __AARGB5   0x000004       data     extern C:\MCC18\v3_39\src\traditional\math\aarg.asm
                 __AARGB6   0x000003       data     extern C:\MCC18\v3_39\src\traditional\math\aarg.asm
                 __AARGB7   0x000002       data     extern C:\MCC18\v3_39\src\traditional\math\aarg.asm
                   __AEXP   0x00000a       data     extern C:\MCC18\v3_39\src\traditional\math\aarg.asm
                 __BARGB0   0x00000e       data     extern C:\MCC18\v3_39\src\traditional\math\barg.asm
                 __BARGB1   0x00000d       data     extern C:\MCC18\v3_39\src\traditional\math\barg.asm
                 __BARGB2   0x00000c       data     extern C:\MCC18\v3_39\src\traditional\math\barg.asm
                 __BARGB3   0x00000b       data     extern C:\MCC18\v3_39\src\traditional\math\barg.asm
                   __BEXP   0x00000f       data     extern C:\MCC18\v3_39\src\traditional\math\barg.asm
                __FPFLAGS   0x000001       data     extern C:\MCC18\v3_39\src\traditional\math\cmath18.asm
            __FPFLAGSbits   0x000001       data     extern C:\MCC18\v3_39\src\traditional\math\cmath18.asm
                  __REMB0   0x000005       data     extern C:\MCC18\v3_39\src\traditional\math\aarg.asm
                  __REMB1   0x000004       data     extern C:\MCC18\v3_39\src\traditional\math\aarg.asm
                  __REMB2   0x000003       data     extern C:\MCC18\v3_39\src\traditional\math\aarg.asm
                  __REMB3   0x000002       data     extern C:\MCC18\v3_39\src\traditional\math\aarg.asm
                  __tmp_0   0x000010       data     static E:\2013\esmplab\test\sauve_mcw\main.c
                  __tmp_0   0x000010       data     static E:\2013\esmplab\test\sauve_mcw\lib_cam_moway.c
                  __tmp_0   0x000010       data     static E:\2013\esmplab\test\sauve_mcw\lib_mot_moway.c
                  __tmp_0   0x000010       data     static E:\2013\esmplab\test\sauve_mcw\lib_rf2gh4.c
                  __tmp_0   0x000010       data     static E:\2013\esmplab\test\sauve_mcw\lib_sen_moway.c
                  __tmp_0   0x000010       data     static E:\2013\esmplab\test\sauve_mcw\i2c_ext.c
                  __tmp_0   0x000010       data     static C:\c18src\cxx-framework\src\pmc_common\ADC\adcopen.c
                curr_byte   0x000f28       data     static C:\MCC18\v3_39\src\traditional\startup\c018i.c
               curr_entry   0x000f2a       data     static C:\MCC18\v3_39\src\traditional\startup\c018i.c
                  data_in   0x000f2f       data     extern E:\2013\esmplab\test\sauve_mcw\main.c
              data_in_dir   0x000f37       data     extern E:\2013\esmplab\test\sauve_mcw\main.c
                 data_ptr   0x000f2c       data     static C:\MCC18\v3_39\src\traditional\startup\c018i.c
[...]
                   RCREG2   0x000faa       data     extern C:\c18src\cxx-framework\src\traditional\proc\p18F86J50.asm
                   SPBRG2   0x000fab       data     extern C:\c18src\cxx-framework\src\traditional\proc\p18F86J50.asm
                RCSTAbits   0x000fac       data     extern C:\c18src\cxx-framework\src\traditional\proc\p18F86J50.asm
               RCSTA1bits   0x000fac       data     extern C:\c18src\cxx-framework\src\traditional\proc\p18F86J50.asm
                   RCSTA1   0x000fac       data     extern C:\c18src\cxx-framework\src\traditional\proc\p18F86J50.asm
                    RCSTA   0x000fac       data     extern C:\c18src\cxx-framework\src\traditional\proc\p18F86J50.asm
                    TXSTA   0x000fad       data     extern C:\c18src\cxx-framework\src\traditional\proc\p18F86J50.asm
                   TXSTA1   0x000fad       data     extern C:\c18src\cxx-framework\src\traditional\proc\p18F86J50.asm
               TXSTA1bits   0x000fad       data     extern C:\c18src\cxx-framework\src\traditional\proc\p18F86J50.asm
                TXSTAbits   0x000fad       data     extern C:\c18src\cxx-framework\src\traditional\proc\p18F86J50.asm
                    TXREG   0x000fae       data     extern C:\c18src\cxx-framework\src\traditional\proc\p18F86J50.asm
                   TXREG1   0x000fae       data     extern C:\c18src\cxx-framework\src\traditional\proc\p18F86J50.asm
                   RCREG1   0x000faf       data     extern C:\c18src\cxx-framework\src\traditional\proc\p18F86J50.asm
                    RCREG   0x000faf       data     extern C:\c18src\cxx-framework\src\traditional\proc\p18F86J50.asm
                    SPBRG   0x000fb0       data     extern C:\c18src\cxx-framework\src\traditional\proc\p18F86J50.asm
                   SPBRG1   0x000fb0       data     extern C:\c18src\cxx-framework\src\traditional\proc\p18F86J50.asm
                  CCP3CON   0x000fb1       data     extern C:\c18src\cxx-framework\src\traditional\proc\p18F86J50.asm
              CCP3CONbits   0x000fb1       data     extern C:\c18src\cxx-framework\src\traditional\proc\p18F86J50.asm
             ECCP3CONbits   0x000fb1       data     extern C:\c18src\cxx-framework\src\traditional\proc\p18F86J50.asm
                 ECCP3CON   0x000fb1       data     extern C:\c18src\cxx-framework\src\traditional\proc\p18F86J50.asm
                    CCPR3   0x000fb2       data     extern C:\c18src\cxx-framework\src\traditional\proc\p18F86J50.asm
                   CCPR3L   0x000fb2       data     extern C:\c18src\cxx-framework\src\traditional\proc\p18F86J50.asm
                   CCPR3H   0x000fb3       data     extern C:\c18src\cxx-framework\src\traditional\proc\p18F86J50.asm
                 ECCP3DEL   0x000fb4       data     extern C:\c18src\cxx-framework\src\traditional\proc\p18F86J50.asm
             ECCP3DELbits   0x000fb4       data     extern C:\c18src\cxx-framework\src\traditional\proc\p18F86J50.asm
                  ECCP3AS   0x000fb5       data     extern C:\c18src\cxx-framework\src\traditional\proc\p18F86J50.asm
              ECCP3ASbits   0x000fb5       data     extern C:\c18src\cxx-framework\src\traditional\proc\p18F86J50.asm
             ECCP2CONbits   0x000fb6       data     extern C:\c18src\cxx-framework\src\traditional\proc\p18F86J50.asm
                 ECCP2CON   0x000fb6       data     extern C:\c18src\cxx-framework\src\traditional\proc\p18F86J50.asm
              CCP2CONbits   0x000fb6       data     extern C:\c18src\cxx-framework\src\traditional\proc\p18F86J50.asm
                  CCP2CON   0x000fb6       data     extern C:\c18src\cxx-framework\src\traditional\proc\p18F86J50.asm
                    CCPR2   0x000fb7       data     extern C:\c18src\cxx-framework\src\traditional\proc\p18F86J50.asm
                   CCPR2L   0x000fb7       data     extern C:\c18src\cxx-framework\src\traditional\proc\p18F86J50.asm
                   CCPR2H   0x000fb8       data     extern C:\c18src\cxx-framework\src\traditional\proc\p18F86J50.asm
             ECCP2DELbits   0x000fb9       data     extern C:\c18src\cxx-framework\src\traditional\proc\p18F86J50.asm
                 ECCP2DEL   0x000fb9       data     extern C:\c18src\cxx-framework\src\traditional\proc\p18F86J50.asm
                  ECCP2AS   0x000fba       data     extern C:\c18src\cxx-framework\src\traditional\proc\p18F86J50.asm
              ECCP2ASbits   0x000fba       data     extern C:\c18src\cxx-framework\src\traditional\proc\p18F86J50.asm
                  CCP1CON   0x000fbb       data     extern C:\c18src\cxx-framework\src\traditional\proc\p18F86J50.asm
              CCP1CONbits   0x000fbb       data     extern C:\c18src\cxx-framework\src\traditional\proc\p18F86J50.asm
             ECCP1CONbits   0x000fbb       data     extern C:\c18src\cxx-framework\src\traditional\proc\p18F86J50.asm
                 ECCP1CON   0x000fbb       data     extern C:\c18src\cxx-framework\src\traditional\proc\p18F86J50.asm
                    CCPR1   0x000fbc       data     extern C:\c18src\cxx-framework\src\traditional\proc\p18F86J50.asm
                   CCPR1L   0x000fbc       data     extern C:\c18src\cxx-framework\src\traditional\proc\p18F86J50.asm
                   CCPR1H   0x000fbd       data     extern C:\c18src\cxx-framework\src\traditional\proc\p18F86J50.asm
             ECCP1DELbits   0x000fbe       data     extern C:\c18src\cxx-framework\src\traditional\proc\p18F86J50.asm
                 ECCP1DEL   0x000fbe       data     extern C:\c18src\cxx-framework\src\traditional\proc\p18F86J50.asm
                  ECCP1AS   0x000fbf       data     extern C:\c18src\cxx-framework\src\traditional\proc\p18F86J50.asm
              ECCP1ASbits   0x000fbf       data     extern C:\c18src\cxx-framework\src\traditional\proc\p18F86J50.asm
               WDTCONbits   0x000fc0       data     extern C:\c18src\cxx-framework\src\traditional\proc\p18F86J50.asm
                   WDTCON   0x000fc0       data     extern C:\c18src\cxx-framework\src\traditional\proc\p18F86J50.asm
               ANCON0bits   0x000fc1       data     extern C:\c18src\cxx-framework\src\traditional\proc\p18F86J50.asm
                   ADCON1   0x000fc1       data     extern C:\c18src\cxx-framework\src\traditional\proc\p18F86J50.asm
                   ANCON0   0x000fc1       data     extern C:\c18src\cxx-framework\src\traditional\proc\p18F86J50.asm
               ADCON1bits   0x000fc1       data     extern C:\c18src\cxx-framework\src\traditional\proc\p18F86J50.asm
                   ANCON1   0x000fc2       data     extern C:\c18src\cxx-framework\src\traditional\proc\p18F86J50.asm
               ANCON1bits   0x000fc2       data     extern C:\c18src\cxx-framework\src\traditional\proc\p18F86J50.asm
               ADCON0bits   0x000fc2       data     extern C:\c18src\cxx-framework\src\traditional\proc\p18F86J50.asm
                   ADCON0   0x000fc2       data     extern C:\c18src\cxx-framework\src\traditional\proc\p18F86J50.asm
                    ADRES   0x000fc3       data     extern C:\c18src\cxx-framework\src\traditional\proc\p18F86J50.asm
                   ADRESL   0x000fc3       data     extern C:\c18src\cxx-framework\src\traditional\proc\p18F86J50.asm
                   ADRESH   0x000fc4       data     extern C:\c18src\cxx-framework\src\traditional\proc\p18F86J50.asm
             SSP1CON2bits   0x000fc5       data     extern C:\c18src\cxx-framework\src\traditional\proc\p18F86J50.asm
                 SSP1CON2   0x000fc5       data     extern C:\c18src\cxx-framework\src\traditional\proc\p18F86J50.asm
                  SSPCON2   0x000fc5       data     extern C:\c18src\cxx-framework\src\traditional\proc\p18F86J50.asm
              SSPCON2bits   0x000fc5       data     extern C:\c18src\cxx-framework\src\traditional\proc\p18F86J50.asm
             SSP1CON1bits   0x000fc6       data     extern C:\c18src\cxx-framework\src\traditional\proc\p18F86J50.asm
              SSPCON1bits   0x000fc6       data     extern C:\c18src\cxx-framework\src\traditional\proc\p18F86J50.asm
                  SSPCON1   0x000fc6       data     extern C:\c18src\cxx-framework\src\traditional\proc\p18F86J50.asm
                 SSP1CON1   0x000fc6       data     extern C:\c18src\cxx-framework\src\traditional\proc\p18F86J50.asm
              SSPSTATbits   0x000fc7       data     extern C:\c18src\cxx-framework\src\traditional\proc\p18F86J50.asm
                  SSPSTAT   0x000fc7       data     extern C:\c18src\cxx-framework\src\traditional\proc\p18F86J50.asm
                 SSP1STAT   0x000fc7       data     extern C:\c18src\cxx-framework\src\traditional\proc\p18F86J50.asm
             SSP1STATbits   0x000fc7       data     extern C:\c18src\cxx-framework\src\traditional\proc\p18F86J50.asm
                  SSP1MSK   0x000fc8       data     extern C:\c18src\cxx-framework\src\traditional\proc\p18F86J50.asm
                  SSP1ADD   0x000fc8       data     extern C:\c18src\cxx-framework\src\traditional\proc\p18F86J50.asm
              SSP1MSKbits   0x000fc8       data     extern C:\c18src\cxx-framework\src\traditional\proc\p18F86J50.asm
                   SSPADD   0x000fc8       data     extern C:\c18src\cxx-framework\src\traditional\proc\p18F86J50.asm
                  SSP1BUF   0x000fc9       data     extern C:\c18src\cxx-framework\src\traditional\proc\p18F86J50.asm
                   SSPBUF   0x000fc9       data     extern C:\c18src\cxx-framework\src\traditional\proc\p18F86J50.asm
                    T2CON   0x000fca       data     extern C:\c18src\cxx-framework\src\traditional\proc\p18F86J50.asm
                T2CONbits   0x000fca       data     extern C:\c18src\cxx-framework\src\traditional\proc\p18F86J50.asm
               MEMCONbits   0x000fcb       data     extern C:\c18src\cxx-framework\src\traditional\proc\p18F86J50.asm
                   MEMCON   0x000fcb       data     extern C:\c18src\cxx-framework\src\traditional\proc\p18F86J50.asm
                      PR2   0x000fcb       data     extern C:\c18src\cxx-framework\src\traditional\proc\p18F86J50.asm
                  PADCFG1   0x000fcc       data     extern C:\c18src\cxx-framework\src\traditional\proc\p18F86J50.asm
              PADCFG1bits   0x000fcc       data     extern C:\c18src\cxx-framework\src\traditional\proc\p18F86J50.asm
                     TMR2   0x000fcc       data     extern C:\c18src\cxx-framework\src\traditional\proc\p18F86J50.asm
                   ODCON3   0x000fcd       data     extern C:\c18src\cxx-framework\src\traditional\proc\p18F86J50.asm
               ODCON3bits   0x000fcd       data     extern C:\c18src\cxx-framework\src\traditional\proc\p18F86J50.asm
                    T1CON   0x000fcd       data     extern C:\c18src\cxx-framework\src\traditional\proc\p18F86J50.asm
                T1CONbits   0x000fcd       data     extern C:\c18src\cxx-framework\src\traditional\proc\p18F86J50.asm
                    TMR1L   0x000fce       data     extern C:\c18src\cxx-framework\src\traditional\proc\p18F86J50.asm
               ODCON2bits   0x000fce       data     extern C:\c18src\cxx-framework\src\traditional\proc\p18F86J50.asm
                   ODCON2   0x000fce       data     extern C:\c18src\cxx-framework\src\traditional\proc\p18F86J50.asm
                    TMR1H   0x000fcf       data     extern C:\c18src\cxx-framework\src\traditional\proc\p18F86J50.asm
                   ODCON1   0x000fcf       data     extern C:\c18src\cxx-framework\src\traditional\proc\p18F86J50.asm
               ODCON1bits   0x000fcf       data     extern C:\c18src\cxx-framework\src\traditional\proc\p18F86J50.asm
                     RCON   0x000fd0       data     extern C:\c18src\cxx-framework\src\traditional\proc\p18F86J50.asm
                 RCONbits   0x000fd0       data     extern C:\c18src\cxx-framework\src\traditional\proc\p18F86J50.asm
                   CM2CON   0x000fd1       data     extern C:\c18src\cxx-framework\src\traditional\proc\p18F86J50.asm
                  CM2CON1   0x000fd1       data     extern C:\c18src\cxx-framework\src\traditional\proc\p18F86J50.asm
              CM2CON1bits   0x000fd1       data     extern C:\c18src\cxx-framework\src\traditional\proc\p18F86J50.asm
               CM2CONbits   0x000fd1       data     extern C:\c18src\cxx-framework\src\traditional\proc\p18F86J50.asm
               CM1CONbits   0x000fd2       data     extern C:\c18src\cxx-framework\src\traditional\proc\p18F86J50.asm
                   CM1CON   0x000fd2       data     extern C:\c18src\cxx-framework\src\traditional\proc\p18F86J50.asm
                  CM1CON1   0x000fd2       data     extern C:\c18src\cxx-framework\src\traditional\proc\p18F86J50.asm
              CM1CON1bits   0x000fd2       data     extern C:\c18src\cxx-framework\src\traditional\proc\p18F86J50.asm
               OSCCONbits   0x000fd3       data     extern C:\c18src\cxx-framework\src\traditional\proc\p18F86J50.asm
                  REFOCON   0x000fd3       data     extern C:\c18src\cxx-framework\src\traditional\proc\p18F86J50.asm
              REFOCONbits   0x000fd3       data     extern C:\c18src\cxx-framework\src\traditional\proc\p18F86J50.asm
                   OSCCON   0x000fd3       data     extern C:\c18src\cxx-framework\src\traditional\proc\p18F86J50.asm
                    T0CON   0x000fd5       data     extern C:\c18src\cxx-framework\src\traditional\proc\p18F86J50.asm
                T0CONbits   0x000fd5       data     extern C:\c18src\cxx-framework\src\traditional\proc\p18F86J50.asm
                    TMR0L   0x000fd6       data     extern C:\c18src\cxx-framework\src\traditional\proc\p18F86J50.asm
                    TMR0H   0x000fd7       data     extern C:\c18src\cxx-framework\src\traditional\proc\p18F86J50.asm
                   STATUS   0x000fd8       data     extern C:\c18src\cxx-framework\src\traditional\proc\p18F86J50.asm
               STATUSbits   0x000fd8       data     extern C:\c18src\cxx-framework\src\traditional\proc\p18F86J50.asm
                     FSR2   0x000fd9       data     extern C:\c18src\cxx-framework\src\traditional\proc\p18F86J50.asm
                    FSR2L   0x000fd9       data     extern C:\c18src\cxx-framework\src\traditional\proc\p18F86J50.asm
                    FSR2H   0x000fda       data     extern C:\c18src\cxx-framework\src\traditional\proc\p18F86J50.asm
                   PLUSW2   0x000fdb       data     extern C:\c18src\cxx-framework\src\traditional\proc\p18F86J50.asm
                  PREINC2   0x000fdc       data     extern C:\c18src\cxx-framework\src\traditional\proc\p18F86J50.asm
                 POSTDEC2   0x000fdd       data     extern C:\c18src\cxx-framework\src\traditional\proc\p18F86J50.asm
                 POSTINC2   0x000fde       data     extern C:\c18src\cxx-framework\src\traditional\proc\p18F86J50.asm
                    INDF2   0x000fdf       data     extern C:\c18src\cxx-framework\src\traditional\proc\p18F86J50.asm
                      BSR   0x000fe0       data     extern C:\c18src\cxx-framework\src\traditional\proc\p18F86J50.asm
                     FSR1   0x000fe1       data     extern C:\c18src\cxx-framework\src\traditional\proc\p18F86J50.asm
                    FSR1L   0x000fe1       data     extern C:\c18src\cxx-framework\src\traditional\proc\p18F86J50.asm
                    FSR1H   0x000fe2       data     extern C:\c18src\cxx-framework\src\traditional\proc\p18F86J50.asm
                   PLUSW1   0x000fe3       data     extern C:\c18src\cxx-framework\src\traditional\proc\p18F86J50.asm
                  PREINC1   0x000fe4       data     extern C:\c18src\cxx-framework\src\traditional\proc\p18F86J50.asm
                 POSTDEC1   0x000fe5       data     extern C:\c18src\cxx-framework\src\traditional\proc\p18F86J50.asm
                 POSTINC1   0x000fe6       data     extern C:\c18src\cxx-framework\src\traditional\proc\p18F86J50.asm
                    INDF1   0x000fe7       data     extern C:\c18src\cxx-framework\src\traditional\proc\p18F86J50.asm
                     WREG   0x000fe8       data     extern C:\c18src\cxx-framework\src\traditional\proc\p18F86J50.asm
                     FSR0   0x000fe9       data     extern C:\c18src\cxx-framework\src\traditional\proc\p18F86J50.asm
                    FSR0L   0x000fe9       data     extern C:\c18src\cxx-framework\src\traditional\proc\p18F86J50.asm
                    FSR0H   0x000fea       data     extern C:\c18src\cxx-framework\src\traditional\proc\p18F86J50.asm
                   PLUSW0   0x000feb       data     extern C:\c18src\cxx-framework\src\traditional\proc\p18F86J50.asm
                  PREINC0   0x000fec       data     extern C:\c18src\cxx-framework\src\traditional\proc\p18F86J50.asm
                 POSTDEC0   0x000fed       data     extern C:\c18src\cxx-framework\src\traditional\proc\p18F86J50.asm
                 POSTINC0   0x000fee       data     extern C:\c18src\cxx-framework\src\traditional\proc\p18F86J50.asm
                    INDF0   0x000fef       data     extern C:\c18src\cxx-framework\src\traditional\proc\p18F86J50.asm
                  INTCON3   0x000ff0       data     extern C:\c18src\cxx-framework\src\traditional\proc\p18F86J50.asm
              INTCON3bits   0x000ff0       data     extern C:\c18src\cxx-framework\src\traditional\proc\p18F86J50.asm
                  INTCON2   0x000ff1       data     extern C:\c18src\cxx-framework\src\traditional\proc\p18F86J50.asm
              INTCON2bits   0x000ff1       data     extern C:\c18src\cxx-framework\src\traditional\proc\p18F86J50.asm
                   INTCON   0x000ff2       data     extern C:\c18src\cxx-framework\src\traditional\proc\p18F86J50.asm
               INTCONbits   0x000ff2       data     extern C:\c18src\cxx-framework\src\traditional\proc\p18F86J50.asm
                    PRODL   0x000ff3       data     extern C:\c18src\cxx-framework\src\traditional\proc\p18F86J50.asm
                     PROD   0x000ff3       data     extern C:\c18src\cxx-framework\src\traditional\proc\p18F86J50.asm
                    PRODH   0x000ff4       data     extern C:\c18src\cxx-framework\src\traditional\proc\p18F86J50.asm
                   TABLAT   0x000ff5       data     extern C:\c18src\cxx-framework\src\traditional\proc\p18F86J50.asm
                   TBLPTR   0x000ff6       data     extern C:\c18src\cxx-framework\src\traditional\proc\p18F86J50.asm
                  TBLPTRL   0x000ff6       data     extern C:\c18src\cxx-framework\src\traditional\proc\p18F86J50.asm
                  TBLPTRH   0x000ff7       data     extern C:\c18src\cxx-framework\src\traditional\proc\p18F86J50.asm
                  TBLPTRU   0x000ff8       data     extern C:\c18src\cxx-framework\src\traditional\proc\p18F86J50.asm
                       PC   0x000ff9       data     extern C:\c18src\cxx-framework\src\traditional\proc\p18F86J50.asm
                      PCL   0x000ff9       data     extern C:\c18src\cxx-framework\src\traditional\proc\p18F86J50.asm
                   PCLATH   0x000ffa       data     extern C:\c18src\cxx-framework\src\traditional\proc\p18F86J50.asm
                   PCLATU   0x000ffb       data     extern C:\c18src\cxx-framework\src\traditional\proc\p18F86J50.asm
                   STKPTR   0x000ffc       data     extern C:\c18src\cxx-framework\src\traditional\proc\p18F86J50.asm
               STKPTRbits   0x000ffc       data     extern C:\c18src\cxx-framework\src\traditional\proc\p18F86J50.asm
                     TOSL   0x000ffd       data     extern C:\c18src\cxx-framework\src\traditional\proc\p18F86J50.asm
                      TOS   0x000ffd       data     extern C:\c18src\cxx-framework\src\traditional\proc\p18F86J50.asm
                     TOSH   0x000ffe       data     extern C:\c18src\cxx-framework\src\traditional\proc\p18F86J50.asm
                     TOSU   0x000fff       data     extern C:\c18src\cxx-framework\src\traditional\proc\p18F86J50.asm


